+ 1A0@@
+ 1A3@
+ 1A4@
+ 1B1@@
  1X1@@
  1X5@@
  2A0@@@
  2C0@@@
  2C3@@@
  2C4@@@
+ 2D0@@@
+ 2E0@@@
+ 2E1@@@
+ 2I0@@@
+ 2M0@@@
  2M1@@@
  2S0@@@
  2S2@@
  2S3@@@
  2S4@@@
  2S5@@
+ 2U0@@@
+ 2W0@@@
+ 3A0@@
  3A2@
+ 3A2@@
  3A2@@@
  3A5#@
  3A5#@@@
  3A7@
+ 3B6@@
+ 3B7@
+ 3B7@@
  3B8@
+ 3B8@@
+ 3B9@
+ 3B9@@
+ 3C0@
+ 3C1@@
+ 3C2@@
+ 3C5@
+ 3C5@@
+ 3C7@
  3D2@
+ 3D2@@
+ 3DA0@@
+ 3DA0@@@
  3DA5@
  3DA6@
+ 3E1@
+ 3E1@@
  3E2@
  3E5##@@
  3E5##@@@
  3F1@@
+ 3G0@
+ 3G0@@
+ 3G1@
  3G2@
  3G3@
  3G4@@@
+ 3G5@
  3U5@
  3U5@@@@@
  3V1@
  3V1@@@
  3V2@
  3V3@
+ 3V5@
  3V5@@@
+ 3V6@
  3V7@
+ 3V8@@
+ 3V8@@@
+ 3W1@
+ 3W2#@
  3W2@
+ 3W2@@
+ 3W2@@@
+ 3W3@
+ 3W3@@
  3W4@@@
+ 3W5#@
+ 3W5@@
+ 3W6@@
+ 3W6@@@
+ 3W7@
+ 3W7@@
  3W9@
+ 3W9@@
+ 3W9@@@
  3X0@
+ 3X2@@
+ 3X5@
+ 3XA8@@
+ 3XD2@
+ 3XM6@@
+ 3XY1@
  3XY2@
+ 3XY5@
+ 3XY6@
+ 3XY7@
+ 3XY8@
  3XY9@
+ 3Y0@
  3Y0@@
  3Y9@@@
  3Z0@
+ 3Z0@@
+ 3Z0@@@
  3Z0@@@@
  3Z1##@
  3Z1#@@
+ 3Z1@
  3Z1@@
  3Z1@@@
+ 3Z1@@@@
+ 3Z2#@
  3Z2#@@@
+ 3Z2@
  3Z2@@
  3Z2@@@
  3Z2@@@@
  3Z3#@
  3Z3@@
  3Z3@@@
+ 3Z5#@@@
  3Z5@
  3Z5@@
  3Z5@@@@
  3Z6##@@
  3Z6#@
  3Z6#@@
+ 3Z6@
  3Z6@@
  3Z6@@@
  3Z7#@
+ 3Z7#@@@
  3Z7@@
  3Z7@@@
  3Z8@
  3Z8@@
  3Z8@@@
  3Z8@@@@
  3Z9#@@@
  3Z9@
  3Z9@@
+ 3Z9@@@
  3Z9@@@@
  4A1@@
+ 4A2@
+ 4A3@
+ 4A3@@
  4A4@
+ 4A7@
  4C2@
  4D1@
  4D2@
  4D6#@@@
  4D7#@
  4D7#@@
+ 4D7#@@@
  4D9@
  4D9@@
  4E7#@@
  4E7#@@@
  4F1@@
  4F1@@@
  4F2@@
  4F2@@@
+ 4F3@@
  4F3@@@
+ 4F4@@
+ 4F8@@@
  4G1@
  4G2@
  4G5#@
  4G6@
  4G7#@@
  4G7#@@@
  4H1@
  4H1@@
  4H2@
  4I1@
  4I9@@
  4J0@
+ 4J0@@
  4J1###@@
+ 4J1#@@
  4J1@
+ 4J3@
  4J3@@
  4J3@@@
+ 4J4@
  4J4@@
  4J5#@
+ 4J5@
  4J6#@@
+ 4J6@@
+ 4J7@@@
  4J8#@@@
  4J8@@
  4J9#@@
  4J9#@@@
+ 4J9@@
  4JA9@@
  4JF1@@
  4JT9@
+ 4K0@@
  4K0@@@
  4K1###@@
  4K1@
+ 4K4@
  4K5#@
  4K5#@@
+ 4K5@
+ 4K5@@
  4K6#@
  4K6#@@
  4K6@
+ 4K6@@
  4K6@@@
+ 4K7@
  4K7@@@
  4K8#@@@
+ 4K8@
  4K8@@
  4K8@@@
+ 4K9@
  4KA5@@
  4KA6@@
  4KA9#@@
  4KA9@
+ 4KR6#@
+ 4L0@
+ 4L0@@
+ 4L0@@@
+ 4L1@
+ 4L1@@
  4L1@@@
+ 4L2@
+ 4L3@
+ 4L4@
+ 4L4@@
  4L4@@@
+ 4L5@
  4L5@@
+ 4L6@@
+ 4L7@
+ 4L7@@
+ 4L8@
  4L9@@
  4M1@
  4M2@
  4M3@
+ 4M4@
+ 4M5@
+ 4M5@@
  4M7@
+ 4M9@@
  4O0@
+ 4O0@@
+ 4O1#@
+ 4O1@
  4O2#@
  4O2@
  4O2@@
  4O3##@@@
+ 4O3@
+ 4O3@@
  4O3@@@
+ 4O4@
+ 4O5@
  4O5@@
  4O6#@@
+ 4O6@
+ 4O6@@
  4O6@@@
  4O7@
+ 4O7@@
+ 4O7@@@@
  4O8@
+ 4O8@@
  4Q9@@
  4S7@
+ 4S7@@
+ 4S7@@@
  4T0@
+ 4T4@
+ 4T7#@
  4U0@
  4U0@@@
+ 4U1@@
+ 4U1@@@
  4U5#@@@@@
+ 4U6#@@
  4U6@
  4V1@@
  4V2##@@
  4V2@
+ 4W1@@
  4W2@
+ 4W2@@
+ 4W3@@
  4W3@@@
  4W4@
+ 4W6@@
+ 4W6@@@
  4X0#@
+ 4X0@
+ 4X0@@
  4X0@@@
+ 4X1#@
  4X1#@@
+ 4X1@@
  4X2#@
+ 4X2@
  4X3#@@@
+ 4X3@
  4X3@@@
  4X4##@
  4X4##@@
  4X4#@@
  4X4@
+ 4X4@@
+ 4X4@@@
+ 4X5#@@
  4X5@@
  4X6@
+ 4X6@@
+ 4X7#@
  4X7@@
  4X8#@
+ 4Y1@
+ 4Z0@
+ 4Z1#@
  4Z1#@@
+ 4Z1@@
  4Z4#@@
+ 4Z4@@
  4Z5#@@
  4Z5@
+ 4Z5@@
+ 4Z6#@@
  4Z7#@
+ 4Z8@@
+ 4Z9@@@
  5A0@
+ 5A1@
  5A1@@
  5A2#@@
+ 5A2@
  5A3@
+ 5A7@
+ 5B4@
+ 5B4@@
+ 5B4@@@
+ 5B8@@
  5B9@@@
  5C2@@
+ 5C5@
  5C5@@
+ 5C8@
  5D0@@@
+ 5D5@
+ 5D6@@
  5E3@
+ 5F5#@@
+ 5H0@@
+ 5H1@
+ 5H1@@
+ 5H1@@@
  5H2@@
  5H3@
+ 5H3@@
+ 5H3@@@
  5H4@@
  5H5@
  5H6@@
  5H8@@
+ 5H9@@
+ 5I3@
+ 5J0@
+ 5J1@
+ 5K0@
  5K1@
  5K3@
  5K3@@
  5K9@@
+ 5L2@@
+ 5N0@
  5N0@@
+ 5N0@@@
+ 5N1@@@
+ 5N2@@@
  5N3#@@@
+ 5N3@@@
+ 5N4#@@@
+ 5N4@@@
+ 5N6@@@
  5N7@@@
+ 5N8@@@
+ 5N9#@@@
+ 5N9@@@
  5P1@
+ 5P1@@
+ 5P2@
  5P3@@
  5P4@@
+ 5P5@
  5P5@@
  5P6#@
  5P6@@
  5P7@
  5P7@@
  5P8@@
  5P9@
  5Q0@@
  5Q1@
+ 5Q2@
+ 5R3@@
  5R8@
+ 5R8@@
  5S3@@
+ 5T0@@
  5T3@@
+ 5T5@
+ 5T5@@
+ 5T5@@@
  5T6@@
  5U0@
+ 5U1@
+ 5U2@
+ 5U3@
+ 5U4@
+ 5U5@
+ 5U7@
+ 5U7@@
  5U8@
  5U9@
+ 5V7@
+ 5V7@@
+ 5W0@@
  5W0@@@
+ 5W1@@
+ 5W5@@
+ 5X1@
+ 5X1@@
+ 5X2@
+ 5X4@
+ 5Z1@
+ 5Z4@
+ 5Z4@@
  5Z5@@
  6A0@@
  6A1@
  6C6#@
  6D0@
+ 6D2@
+ 6D2@@@
  6D9@
+ 6E4@@
+ 6F1@@
  6F1@@@
+ 6F7#@
  6G1@@
+ 6H1@
+ 6H1@@
+ 6H1@@@
  6H3@@
+ 6I2@@
  6I2@@@
  6J1@
+ 6J1@@
+ 6J1@@@
  6J2@
  6J2@@
  6J2@@@
+ 6J3@@@
  6K0@
+ 6K0@@
  6K1#@@@
  6K2###@@
+ 6K2@@@
  6K5#@@
+ 6K5@@@
  6K9#@@@
+ 6L0@@
  6M0@
+ 6M0@@
+ 6N0@@
+ 6O0@
+ 6O0@@
+ 6O1@
+ 6V1@
+ 6V6@
+ 6V7@
+ 6W1@@
+ 6W2@@
  6W4@
+ 6W4@@
+ 6W6@@
+ 6W7@@
  6W8@@
+ 6Y0@
+ 6Y1@
+ 6Y1@@
+ 6Y2@
  6Y2@@
+ 6Y3@
+ 6Y4@
  6Y5@
+ 6Y5@@
+ 6Y6@
+ 6Y7@
+ 6Y8@
  6Y9@
  7A0@
  7A3#@@
+ 7J1@@@
+ 7J2@@@
+ 7J4@@@
+ 7J6@@@
  7J7@@@
+ 7K1@@@
  7K2@@@
+ 7K3@@@
+ 7K4@@@
+ 7L1@@@
+ 7L2@@@
  7L3@@@
+ 7L4@@@
+ 7M1@@@
+ 7M2@@@
  7M3@@@
+ 7M4@@@
+ 7N1@@@
+ 7N2@@@
+ 7N3@@@
+ 7N4@@@
  7O1@@
+ 7O1@@@
  7P8@
+ 7P8@@
+ 7Q7@@
  7S0@
  7S0@@
  7S0@@@
  7S1##@@@
  7S1@@
  7S2###@
+ 7S2@
+ 7S2@@
  7S3@
  7S4@@
  7S5#@
+ 7S5@
  7S5@@
  7S6@
  7S6@@
  7S6@@@
  7S7@
  7S7@@@
+ 7U5@@
+ 7V2@@
+ 7W0@@
  7W2@
  7W2@@
+ 7W4@@
+ 7W5#@
  7W5#@@@
+ 7X0@@
+ 7X2@@
+ 7X2@@@
  7X3@@
+ 7X3@@@
+ 7X4@@
+ 7X5@@
+ 7X5@@@
+ 7Y3@@
  7Y9@@
+ 7Z1@@
+ 7Z5@@
  8A3@
  8J0@
+ 8J0@@@
  8J1##@
+ 8J1@
+ 8J1@@
+ 8J1@@@
+ 8J2@
+ 8J2@@
+ 8J2@@@
  8J3##@
  8J3@
  8J3@@
+ 8J3@@@
+ 8J3@@@@
  8J3@@@@@
  8J4@
  8J4@@@
+ 8J5@@@
  8J6@
+ 8J6@@@
  8J7@
  8J7@@
  8J7@@@
+ 8J7@@@@
  8J7@@@@@
  8J8@
  8J8@@
+ 8J8@@@
+ 8J9@@@
  8M1@
  8N0@@@
  8N1@
+ 8N1@@
+ 8N1@@@
  8N2@@
  8N2@@@
+ 8N3@
+ 8N3@@
+ 8N3@@@
  8N3@@@@
  8N4@@
  8N6@@@
  8N7@
  8N7@@
  8N7@@@
  8N8@@
  8N8@@@
  8P0@
+ 8P1@
+ 8P2@
  8P4@
+ 8P5@
+ 8P6@@
  8P7@
  8P8@
  8P8@@
+ 8P9@
+ 8P9@@
+ 8Q7@@
+ 8R1@
+ 8R1@@
+ 8R1@@@
  8S0@
+ 8S0@@
  8S0@@@
+ 8S2@
  8S3#@@
  8S3@@@
+ 8S4@
  8S4@@
+ 8S5@
  8S6@
  8S6@@
+ 8S6@@@
  8S7@
  8S7@@
  8S7@@@
  8S9@
  9A0#@
+ 9A0@
+ 9A0@@
+ 9A0@@@
  9A0@@@@
+ 9A1###@@@
+ 9A1##@@
+ 9A1#@
+ 9A1#@@
+ 9A1#@@@
+ 9A1@
+ 9A1@@
+ 9A1@@@
+ 9A1@@@@@
  9A2###@
  9A2###@@
+ 9A2@
+ 9A2@@
+ 9A3#@
+ 9A3@
+ 9A3@@
+ 9A3@@@
  9A4##@@
+ 9A4@
+ 9A4@@
  9A5#@
  9A5#@@@
+ 9A5@
+ 9A5@@
+ 9A5@@@
+ 9A6##@
+ 9A6#@
  9A6#@@@
+ 9A6@
+ 9A6@@
+ 9A6@@@
  9A7##@
+ 9A7##@@
  9A7##@@@
  9A7#@
+ 9A7#@@
  9A7#@@@
+ 9A7@
+ 9A7@@
+ 9A7@@@
+ 9A8#@
  9A8#@@@
+ 9A8@
+ 9A8@@
+ 9A8@@@
  9A9##@
+ 9A9##@@
  9A9#@
  9A9#@@
  9A9#@@@
+ 9A9@
+ 9A9@@
+ 9AY2@
+ 9E1@
+ 9G0@@@
+ 9G1@@
+ 9G5@
+ 9G5@@
+ 9H0@
  9H0@@
+ 9H0@@@
  9H1@
+ 9H1@@
  9H1@@@
  9H2@@
  9H2@@@
+ 9H3@
+ 9H3@@
+ 9H3@@@
  9H4@
+ 9H4@@
  9H4@@@
+ 9H5@@
  9H6@
+ 9H9@@
  9I4#@
  9I4#@@
  9J1@@
+ 9J2@
+ 9J2@@
  9J2@@@
  9J8#@@@@
  9K1#@@@
+ 9K2@
+ 9K2@@
+ 9K2@@@
  9K2@@@@
  9K3@@
  9K4#@@@
  9K5#@@@
  9K6@@@
+ 9K9@
  9K9@@
+ 9L1@
+ 9L1@@
+ 9L1@@@
  9L2@@
+ 9M0@
  9M0@@@
+ 9M2@
+ 9M2@@
+ 9M2@@@
+ 9M4@@@
  9M5#@@
+ 9M6@
+ 9M6@@
+ 9M6@@@
+ 9M8@
+ 9M8@@
+ 9M8@@@
+ 9N1@@
+ 9N1@@@
+ 9N7@@
+ 9N7@@@
+ 9Q0@@
+ 9Q1@
+ 9Q1@@
+ 9Q5@@
  9R2@@
+ 9S1@
  9S1@@
+ 9U0@
+ 9U0@@
+ 9U5@
+ 9U5@@
+ 9U6@@
+ 9U9@
  9V0@
+ 9V1@@
  9V4#@@
+ 9V8@@
  9V9@@
  9W2@@
+ 9W2@@@
  9W6@@@
+ 9X0@
+ 9X0@@
  9X1@
+ 9X4@@
  9X5@@
+ 9Y4@
+ 9Y4@@
+ 9Y4@@@
+ 9Z4@@
  9Z4@@@
  A2#@@
+ A22@@
+ A25@@
+ A25@@@
  A3#@
  A3#@@
  A3@@
+ A35@@
+ A4#@
+ A4#@@
+ A4@@
  A4@@@
+ A41@@
+ A42@
+ A43@@
  A43@@@
+ A45@@
+ A47@@
  A47@@@@
  A50@
+ A51@
+ A51@@
+ A52@
+ A52@@
+ A52@@@
+ A6#@
+ A6#@@
+ A6@@
  A60@@@
+ A61@
+ A61@@
  A62#@@
+ A62@@
+ A65@@
  A7#@
+ A7#@@
  A7@@
  A7@@@
+ A70@@@
+ A71@
+ A71@@
  A71@@@
  A73@
  A9#@
+ A9#@@
+ A92@
+ A92@@
  A92@@@
+ AA0@
+ AA0@@
+ AA1@
+ AA1@@
+ AA2@
+ AA2@@
+ AA3@
+ AA3@@
+ AA4@
+ AA4@@
+ AA5@
+ AA5@@
+ AA6@
+ AA6@@
+ AA7@
+ AA7@@
+ AA8@
+ AA8@@
+ AA9@
+ AA9@@
  AB0@
+ AB0@@
+ AB0@@@
  AB1@
+ AB1@@
+ AB2@
+ AB2@@
  AB3@
+ AB3@@
+ AB4@
+ AB4@@
+ AB5@
+ AB5@@
  AB6@
+ AB6@@
  AB7@
+ AB7@@
+ AB8@
+ AB8@@
+ AB9@
+ AB9@@
+ AC0@
  AC0@@
  AC1@
  AC1@@
+ AC2@
  AC2@@
  AC3@
+ AC4@
+ AC4@@
+ AC5@
+ AC5@@
  AC6@
+ AC6@@
  AC7@
+ AC7@@
+ AC8@
  AC8@@
+ AC9@
  AC9@@
+ AD0@
  AD0@@
+ AD1@
  AD2@
  AD2@@
  AD3@
+ AD4@
+ AD4@@
+ AD5@
+ AD5@@
+ AD6@
+ AD6@@
+ AD7@
+ AD7@@
+ AD8@
  AD8@@
  AD9@
  AE0@
  AE0@@
+ AE1@
  AE1@@
+ AE2@
  AE2@@
  AE3@
+ AE4@
+ AE4@@
+ AE5@
+ AE5@@
+ AE6@
+ AE6@@
+ AE7@
  AE7@@
  AE8@
  AE8@@
+ AE9@
  AE9@@
  AF0@
  AF0@@
  AF0@@@
  AF1@
+ AF2@
  AF2@@
+ AF3@
+ AF4@
+ AF4@@
+ AF5@
  AF5@@
+ AF6@
  AF6@@
  AF7@
  AF7@@
+ AF8@
  AF8@@
  AF9@
  AG0@
+ AG0@@
  AG1@
+ AG1@@
+ AG2@
  AG3@
+ AG4@
+ AG4@@
+ AG5@
  AG5@@
+ AG6@
  AG6@@
+ AG7@
+ AG8@
  AG9@
+ AH0@
+ AH0@@
+ AH2@
  AH2@@
+ AH3@
+ AH6@
+ AH6@@
+ AH7@
  AH7@@
+ AH8@
+ AH8@@
  AI0@
  AI1@
+ AI2@
+ AI3@
  AI4@
+ AI4@@
+ AI5@
+ AI5@@
+ AI6@
  AI6@@
+ AI7@
+ AI8@
+ AI9@
  AJ0@
  AJ0@@
+ AJ1@
+ AJ2@
+ AJ3@
  AJ3@@
+ AJ4@
+ AJ4@@
  AJ5@
  AJ5@@
+ AJ6@
  AJ6@@
+ AJ7@
  AJ7@@
  AJ8@
+ AJ9@
+ AK0@
+ AK1@
+ AK2@
+ AK3@
+ AK4@
+ AK4@@
  AK5@
  AK5@@
+ AK6@
+ AK6@@
+ AK7@
  AK7@@
  AK8@
+ AK9@
  AL0@
+ AL1@
+ AL2@
+ AL4@
  AL5@
+ AL7@
+ AL7@@
+ AL9@
  AM0@@@
  AM1@
  AM1@@
  AM1@@@
  AM2@@
+ AM3@@
+ AM3@@@
  AM4@@
  AM4@@@
  AM5@
+ AM5@@
  AM5@@@
  AM6@@
  AM6@@@
  AM7@@
+ AM7@@@
+ AM8@@
  AM9@@
  AN0@@
  AN0@@@
  AN1@
  AN1@@
  AN1@@@
  AN2@@@
  AN3@@@
+ AN4##@
  AN4##@@@
+ AN4@@
  AN4@@@
+ AN5@@
  AN5@@@
+ AN6@@
+ AN7@@
+ AN7@@@
  AN8@
+ AN8@@
  AN8@@@
  AN9@@
  AO0@@
  AO1@
  AO1@@
+ AO1@@@
  AO2###@@@
  AO2@@
  AO3@
  AO3@@
  AO3@@@
  AO4@
  AO4@@@
  AO5@
+ AO5@@
+ AO5@@@
  AO6@@
  AO6@@@
  AO7@
  AO7@@
+ AO7@@@
+ AO8@
  AO8@@
  AO8@@@
  AO9@@
  AP1@@
  AP1@@@
+ AP2@
+ AP2@@
+ AP2@@@
  AP5#@@
  AP5#@@@
  AS1@
  AT0@
+ AT0@@
+ AT0@@@
  AT2@@
  AT2@@@
  AT3@@@
  AT5@@@
  AT6#@@
  AT6@@
  AT6@@@
  AU4@@@
  AU7@@@
  AX0@@
  AX1@@
  AX2@@
  AX2@@@
  AX2@@@@@
  AX3@@
+ AX3@@@
  AX3@@@@@
+ AX4@@
  AX4@@@
  AX5@@@
  AX6@@
  AX6@@@
  AX8@@
  AX8@@@
  AX9@@
+ AY0@
  AY0@@
  AY1@
+ AY1@@
+ AY1@@@
  AY2@@
+ AY4@@
  AY4@@@
  AY5@
+ AY5@@
  AY6@
  AY6@@
  AY6@@@
+ AY7@
+ AY7@@
  AY7@@@
+ AY8@
  AY8@@
  AY9@
+ AZ0@
  AZ4@
  AZ9@
+ B0@@
  B0@@@
+ B1@
  B1@@
  B1@@@
  B3@
  B3@@
  B3@@@
+ B4@
+ B4@@
  B5@
  B5@@
+ B7@
  B7@@
+ BA0@@
+ BA1@@
+ BA2@@
+ BA3@@
+ BA4@@
+ BA4@@@
+ BA5@@
  BA5@@@
+ BA6@@
+ BA7@@
+ BA8@@
  BA9@@
+ BD0@@
  BD0@@@
+ BD1@@
+ BD1@@@
+ BD2@@
+ BD3@@
+ BD3@@@
+ BD4@@
+ BD4@@@
+ BD5@@
+ BD5@@@
+ BD6@@
  BD6@@@
+ BD7@@
+ BD7@@@
+ BD8@@
+ BD8@@@
+ BD9@@
  BG0@@@
+ BG1@@
+ BG1@@@
+ BG2@@
+ BG2@@@
+ BG3@@@
  BG4@@
+ BG4@@@
+ BG5@@@
  BG6@@
+ BG6@@@
  BG7@@
+ BG7@@@
  BG8@@
+ BG8@@@
+ BG9@@
+ BG9@@@
+ BH1@@@
  BH3@@@
+ BH4@@@
+ BH7@@@
+ BH8@@@
  BI2@
  BI3@
+ BI4@
  BI4@@
+ BI4@@@
+ BI5@
+ BI7@
  BI7@@
  BI8@@@
+ BL7@@
+ BN0@
+ BO0@
  BO2@@
+ BP0@
  BP0@@@
+ BP1##@
+ BQ9@
+ BS7@
  BS7@@
  BT0@
  BT1@
  BT2#@@
  BT2@@
  BT4@
  BT4@@@@
  BU0@@
+ BU2@@
+ BV0@
  BV0@@
  BV0@@@
  BV0@@@@
  BV1#@@@
+ BV1@@
+ BV2@
+ BV2@@
+ BV3@@
+ BV4@@
+ BV5#@@@
  BV5@
+ BV5@@
+ BV6@@
+ BV7@@
+ BV8@@
  BV9#@@@
+ BV9@
  BV9@@
+ BV9@@@
  BW0@
+ BW0@@
  BW0@@@
  BW9@
+ BX0@@
  BX0@@@
  BX1@@
+ BX2@@
  BX2@@@
+ BX3@@
+ BX4@@
  BX4@@@
+ BX5@@
+ BX6@@
+ BX7@@
  BX8@@@
  BY0@@
  BY0@@@@
+ BY1@@
  BY1@@@
+ BY2@@
  BY2@@@
+ BY3@@
+ BY4@@
+ BY4@@@
+ BY5@@
  BY5@@@
+ BY6@@
+ BY7@@
  BY7@@@
  BY7@@@@
+ BY7@@@@@
+ BY8@@
  BY9@@
  BZ4@@@
+ C21@@
+ C3#@@
+ C3#@@@
+ C30@
  C30@@
+ C31@@
+ C33@@
  C34@@
  C35@@
  C36@@
+ C37@@
+ C37@@@
+ C38@@
  C39@@
+ C4@
  C4@@
+ C4@@@@
  C40@
+ C5@
+ C5@@
+ C5@@@
+ C50@
+ C52@
  C53@
+ C53@@
+ C56@
+ C56@@
+ C56@@@
+ C6@
+ C6@@
+ C6@@@
  C9#@@
+ C91@
+ C91@@
+ C91@@@
  C93@
+ C93@@
  C94@@
  C96@@
  C97@@
+ C98@@
+ C98@@@
+ CA0@@@
  CA1@@@
+ CA2@@@
  CA3@@@
+ CA5@@@
  CA6@@@
  CA8@@@
  CB1@
+ CB4@
  CB5@
  CC0@
  CC2@
  CC4@
+ CD1@
+ CE0@
+ CE0@@
+ CE0@@@
+ CE1@
+ CE1@@
+ CE1@@@
+ CE2@@
+ CE2@@@
+ CE3@
+ CE3@@
+ CE3@@@
+ CE4@
+ CE4@@
+ CE4@@@
  CE5@@
+ CE5@@@
+ CE6@
  CE6@@
+ CE6@@@
  CE7#@@
  CE7@@
+ CE7@@@
+ CE8@
+ CE8@@@
  CE9@
+ CF3@
  CF3@@
  CF6@@@
  CF7@@
  CF9@@
  CG1@@
  CG2@@
  CG2@@@
  CG3@@
  CG3@@@
  CG7@@
  CG7@@@
  CG9@@
  CH1@@
  CI0@@
  CJ1@@@
+ CJ3@
  CJ3@@@
  CJ7@@
+ CK3@@
  CK6@@
  CK7@@
  CL0@@
  CL2@@
  CL6@@@
  CL8@@
+ CM2@@
+ CM2@@@
+ CM3@@
  CM3@@@
  CM4@@
  CM5@@
+ CM6@@
+ CM6@@@
+ CM7@@
  CM8@@
+ CM8@@@
  CN2#@
  CN2#@@@
+ CN2@
+ CN2@@
  CN3#@@
+ CN3@
  CN4@
  CN4@@
  CN5#@@@
  CN5@
  CN6#@@
+ CN8@@
  CN8@@@
+ CO0@
+ CO0@@
+ CO0@@@
  CO1@@
+ CO2@@
+ CO2@@@
+ CO3@@
  CO3@@@
  CO4@@
+ CO5@@
+ CO6@@
+ CO6@@@
+ CO7@@
  CO7@@@
+ CO8@@
+ CO8@@@
  CO9@@
  CO9@@@
+ CP1@@
  CP3@@
+ CP4@@
+ CP5@@
+ CP6@@
+ CP8@@
  CQ0@
  CQ0@@
+ CQ0@@@
  CQ1#@@
+ CQ1#@@@
  CQ1@
  CQ1@@
+ CQ2#@@@
  CQ2@
+ CQ3@
  CQ4@
  CQ4@@
  CQ4@@@
  CQ5@
  CQ5@@@
  CQ7@
  CQ7@@@
+ CQ8@@
  CQ9#@
  CQ9#@@
+ CQ9@
+ CR2@
+ CR3@
+ CR3@@
+ CR3@@@
+ CR5@
+ CR5@@
  CR6#@
+ CR6@
+ CR7@@@
  CR8@@@
  CR8@@@@@
+ CS0@@@
  CS1@@@
+ CS2###@@@
+ CS2#@
+ CS2@
+ CS3@
+ CS3@@@
  CS5@
+ CS5@@@
+ CS6@
+ CS6@@@
  CS7@
  CS7@@
  CS7@@@
  CS8@
+ CS9#@@
  CS9@
  CS9@@@
  CT0@@@
+ CT1@@
+ CT1@@@
  CT2@@
+ CT2@@@
  CT3@
+ CT3@@
  CT3@@@
+ CT4@@
+ CT6@
  CT6@@@
+ CT7@
+ CT7@@@
+ CT8@
  CT8@@@
  CT9#@@
+ CT9#@@@
+ CT9#@@@@
+ CT9@
  CT9@@@
  CU0@
+ CU1@@
+ CU1@@@
+ CU2@
+ CU2@@
+ CU2@@@
  CU3#@@
+ CU3@
+ CU3@@
+ CU3@@@
+ CU4@
  CU4@@
+ CU5@@
+ CU5@@@
  CU6@
+ CU6@@
+ CU7@
+ CU7@@
  CU7@@@
+ CU8@
+ CU8@@
  CU9@
  CU9@@
  CV0@
+ CV1@
  CV1@@
  CV4@
+ CV5@
  CV8@
  CV9@
+ CW0@
  CW1##@@
  CW1@
  CW1@@
  CW2@
  CW2@@
  CW3@
  CW4@
  CW4@@@
+ CW5@
  CW5@@
  CW6#@
+ CW6@
  CW8@
  CX0@@@
+ CX1@@
+ CX1@@@
+ CX2@@
+ CX2@@@
+ CX3@@
+ CX3@@@
+ CX4@@
+ CX4@@@
  CX5@
+ CX5@@
+ CX5@@@
+ CX6@@
+ CX6@@@
+ CX7@@
+ CX7@@@
+ CX8@@
  CX8@@@
+ CX9@@
  CX9@@@
+ CY0@@
  CY0@@@
  CY1@@
+ CY9@
+ CY9@@
+ CY9@@@
+ D2@
+ D2@@
+ D2@@@
+ D20@@
+ D3@@
  D3@@@
  D4#@@
  D4#@@@
+ D4@
  D44@
+ D44@@
  D6#@
+ D60@@
+ D68@
+ D68@@
  D69@@
  D7@
+ D70@@
  D70@@@
  D73@
  D77@
+ D80@@
  D85@@@
+ D88@
  D88@@
  D9@
+ D90@@
  D90@@@@
  D98@@@
  D99@@@@
+ DA0@
+ DA0@@
+ DA0@@@
  DA0@@@@
+ DA0@@@@@
+ DA1@@
  DA1@@@
  DA2###@@
  DA2##@@@
  DA2@@@
+ DA3@
  DB0@@
+ DB0@@@
+ DB1@@
+ DB1@@@
  DB2@
  DB2@@
  DB2@@@
+ DB3@@
  DB4#@@@
+ DB4@@
+ DB4@@@
  DB5@@
+ DB6@@
+ DB7@@
  DB8@@
  DB9@@
  DC0@@
  DC0@@@
  DC1@@
+ DC1@@@
  DC2###@@@
+ DC2@@
  DC2@@@
+ DC3@@
  DC3@@@
  DC4@
  DC4@@
  DC5@@
+ DC6@@
+ DC7@@
+ DC8@@
+ DC9@@
  DD0@
+ DD0@@
  DD0@@@
+ DD1@
+ DD1@@
  DD1@@@
+ DD2@
+ DD2@@
+ DD3@@
  DD4@
+ DD4@@
+ DD5@
+ DD5@@
  DD6@@
  DD6@@@
+ DD7@@
  DD8@@
+ DD9@@
+ DE0@@@
+ DE1@@@
+ DE2@@@
  DE3@@@
  DE7@@@
+ DE8@@@
+ DF0@
+ DF0@@
+ DF0@@@
  DF0@@@@
+ DF1@@
+ DF1@@@
  DF2###@@
  DF2@
+ DF2@@
  DF2@@@
+ DF3@@
+ DF3@@@
+ DF4@@
  DF4@@@
  DF5#@@@
  DF5#@@@@
  DF5#@@@@@
+ DF5@
+ DF5@@
+ DF5@@@
+ DF6@@
+ DF6@@@
+ DF7@@
  DF7@@@
+ DF8@@
  DF9#@@@@
+ DF9@@
  DF9@@@
+ DG0@@
+ DG0@@@
+ DG1@@
+ DG1@@@
+ DG2@@
+ DG2@@@
+ DG3@@
+ DG3@@@
+ DG4@@
+ DG4@@@
+ DG5##@@@@
+ DG5@@
+ DG5@@@
+ DG6@@
+ DG6@@@
+ DG7@@
+ DG7@@@
+ DG8@@
+ DG8@@@
  DG9@@
+ DG9@@@
+ DH0@@
+ DH0@@@
  DH1##@@
+ DH1@@
+ DH1@@@
+ DH2@@
+ DH2@@@
+ DH3@@
+ DH3@@@
+ DH4@@
+ DH4@@@
+ DH5@@
+ DH5@@@
+ DH6@@
+ DH6@@@
+ DH7@@
+ DH7@@@
+ DH8@@
+ DH8@@@
+ DH9@@
+ DH9@@@
+ DJ0@@
+ DJ0@@@
+ DJ1@@
+ DJ1@@@
+ DJ2@@
  DJ2@@@
+ DJ3@@
  DJ3@@@
+ DJ4@@
  DJ5#@@@
+ DJ5@@
+ DJ5@@@
  DJ6@
+ DJ6@@
+ DJ7@@
  DJ7@@@
+ DJ8@@
  DJ9@
+ DJ9@@
  DJ9@@@
+ DK0@
+ DK0@@
+ DK0@@@
+ DK0@@@@
  DK1##@@
  DK1@
+ DK1@@
+ DK1@@@
+ DK2###@@
  DK2@
+ DK2@@
+ DK2@@@
+ DK3@
+ DK3@@
+ DK3@@@
+ DK4@@
+ DK4@@@
  DK5#@@@@
  DK5@
+ DK5@@
+ DK5@@@
+ DK6@@
  DK6@@@
+ DK7@@
  DK7@@@
+ DK8@@
+ DK8@@@
+ DK9@@
  DK9@@@
+ DL0@
+ DL0@@
+ DL0@@@
  DL0@@@@@
  DL1###@@
  DL1###@@@@
  DL1##@@
+ DL1##@@@
  DL1#@@@
+ DL1@
+ DL1@@
+ DL1@@@
  DL2#@@@@
+ DL2@
+ DL2@@
+ DL2@@@
  DL3#@@@@@
+ DL3@@
+ DL3@@@
+ DL4#@@@@@
  DL4@
+ DL4@@
+ DL4@@@
  DL5##@@@
+ DL5@
+ DL5@@
+ DL5@@@
+ DL6#@@@
+ DL6@@
+ DL6@@@
+ DL7@@
+ DL7@@@
+ DL8##@@
  DL8##@@@
+ DL8@@
+ DL8@@@
+ DL9@
+ DL9@@
+ DL9@@@
+ DM0@
+ DM0@@@
  DM0@@@@@
+ DM1#@@@
+ DM1@
+ DM1@@
  DM2##@@@
+ DM2@
+ DM2@@
+ DM2@@@
+ DM3@
+ DM3@@
+ DM3@@@
+ DM4@
+ DM4@@
  DM4@@@
  DM5#@@@
+ DM5@
+ DM5@@
  DM5@@@
  DM6#@@@
  DM6@
+ DM6@@
+ DM7@
+ DM7@@
  DM8#@@@
  DM8@@
+ DM9@
+ DM9@@
+ DN1@@
  DN1@@@
  DN2@@
  DN2@@@
  DN3@@
  DN5@@
+ DO1@@
+ DO1@@@
+ DO2@@
+ DO2@@@
+ DO3@@
+ DO3@@@
+ DO4@@
+ DO4@@@
+ DO5@@
+ DO5@@@
+ DO6@@
+ DO6@@@
+ DO7@@
+ DO7@@@
  DO8@@
+ DO9@@
  DO9@@@
+ DP0@@@
+ DP1@@@
+ DP3@
+ DP4@
+ DP5@
+ DP6#@@@
+ DP6@
+ DP7@
+ DP9@
  DQ0#@@@
+ DQ0@
  DQ0@@@
  DQ1###@@
+ DQ1@
+ DQ2###@
  DQ2##@
  DQ2##@@@
  DQ2@
  DQ3#@@@@
  DQ3@
+ DQ4@
  DQ5#@@@
+ DQ5#@@@@
  DQ5@
  DQ6#@@@
  DQ6@
+ DQ7@
+ DQ8#@@@@
+ DR0#@@@
  DR0#@@@@@
  DR0#@@@@@@
+ DR0@
  DR1##@@
  DR1##@@@
  DR1##@@@@@
+ DR1@
  DR1@@@@
+ DR2###@
  DR2###@@@
  DR2#@@@
+ DR2@
  DR3#@@@
  DR3#@@@@
+ DR3@
+ DR4##@@
+ DR4@
+ DR5#@@@@
+ DR5@
+ DR6#@@@
+ DR6@
  DR6@@@@
+ DR7@
  DR8#@@@
+ DR8@
+ DS0@@
  DS0@@@
  DS1#@@
+ DS1#@@@
+ DS1@@@
  DS2#@@
+ DS2@@@
+ DS3@@@
+ DS4@@@
  DS5#@@
  DS5#@@@
  DS5@@
+ DS5@@@
  DT0#@@
+ DT0@@
  DT0@@@
  DT1#@@
  DT1@@@
  DT2@@@
  DT3@@@
  DT4@@@
  DT5@@@
  DT6@@@
  DT7@@@
+ DT8@
  DT8@@@
  DT9@@@
  DU1##@@
  DU1##@@@
+ DU1@@
+ DU1@@@
+ DU2@@
  DU2@@@
+ DU3@@
+ DU3@@@
+ DU4@@
  DU4@@@
  DU5@@@
  DU6#@@@
+ DU6@@
  DU6@@@
  DU7@@
+ DU7@@@
+ DU8@@
+ DU8@@@
+ DU9@@
+ DU9@@@
+ DV1@@
  DV1@@@
  DW1@@@
  DW9@@@
+ DX0@
+ DX0@@
  DX0@@@
+ DX1@
+ DX1@@
+ DX1@@@
  DX1@@@@@@
  DX2@
  DX2@@
  DX3@
  DX3@@
  DX4@
  DX4@@
  DX4@@@
  DX6@
  DX7@@
  DX9@@
  DZ1@@
  DZ5#@
  DZ5#@@@
  E2#@@
+ E2#@@@
+ E2@
  E2@@
  E20@@
+ E20@@@
  E21@@
+ E21@@@
  E22@@@
  E25@@
  E27@@
+ E29@@
+ E30@@
+ E31@@
+ E4#@@
+ E44@
+ E44@@
  E5#@
  E5#@@@
  E51@
+ E51@@
+ E51@@@
  E6@@
  E7##@@@
+ E7#@
+ E7#@@
+ E7#@@@
+ E7@
+ E7@@
+ E70@
+ E71@
+ E71@@
+ E72@
+ E72@@
+ E73@@
  E73@@@
+ E74@
+ E74@@
  E74@@@
+ E75@
+ E75@@
  E76@@
+ E77@@
  E78@@
+ E79@
+ EA0@@
  EA1##@@@
  EA1@
+ EA1@@
+ EA1@@@
+ EA2@@
+ EA2@@@
+ EA3@@
+ EA3@@@
+ EA4@@
+ EA4@@@
+ EA5@@
+ EA5@@@
+ EA6@@
+ EA6@@@
+ EA7@
+ EA7@@
+ EA7@@@
+ EA8@@
+ EA8@@@
+ EA9@@
  EA9@@@
+ EB1@@
+ EB1@@@
+ EB2@@
+ EB2@@@
  EB3@@
+ EB3@@@
+ EB4@@
+ EB4@@@
+ EB5@@
+ EB5@@@
  EB6@@
+ EB6@@@
+ EB7@@
+ EB7@@@
+ EB8@@
+ EB8@@@
+ EC1@@
+ EC1@@@
+ EC2@@
+ EC2@@@
+ EC3@@@
+ EC4@@
+ EC4@@@
+ EC5@@
+ EC5@@@
+ EC6@@
  EC6@@@
+ EC7@@
+ EC7@@@
  EC8@@
+ EC8@@@
+ ED1@
+ ED1@@
+ ED1@@@
+ ED2@
+ ED2@@
+ ED2@@@
+ ED3@
+ ED3@@
+ ED3@@@
+ ED4@
+ ED4@@
+ ED4@@@
+ ED5@
+ ED5@@
+ ED5@@@
+ ED6@
+ ED6@@
+ ED6@@@
+ ED7@
+ ED7@@
+ ED7@@@
  ED8@
  ED8@@
+ ED8@@@
  ED9@
  ED9@@
+ ED9@@@
  EE1@
  EE1@@@
+ EE2@
+ EE3@
+ EE4@
  EE4@@
+ EE5@
+ EE5@@
  EE7@
+ EE7@@@
  EE8@
  EF0@
+ EF0@@
+ EF1@
+ EF1@@@
+ EF2@
  EF2@@@
+ EF3@
  EF3@@
  EF3@@@
+ EF4@
+ EF4@@
  EF5@
  EF5@@@
+ EF6@
  EF7@
+ EF7@@@
+ EF8@
+ EF8@@@
+ EF9@
  EG0#@@@
  EG0@@
+ EG0@@@
+ EG1@
+ EG1@@
+ EG1@@@
  EG2#@@@
  EG2@
+ EG2@@
  EG2@@@
  EG3@
  EG3@@
+ EG3@@@
  EG4@
+ EG4@@
+ EG4@@@
+ EG5#@@@
+ EG5@
+ EG5@@
+ EG5@@@
  EG6@@
  EG6@@@
  EG7@
+ EG7@@
+ EG7@@@
  EG8@@
+ EG8@@@
  EG9#@@@
+ EG9@@
  EG9@@@
  EH1@@
+ EH1@@@
  EH2@@@
  EH3@@
  EH3@@@
  EH4@@
+ EH4@@@
  EH5@
+ EH5@@@
  EH7@
  EH7@@
+ EH7@@@
  EI0#@@@
  EI0@
+ EI0@@
+ EI0@@@
+ EI1###@
  EI1##@@@
+ EI1@
  EI1@@
  EI1@@@
  EI2#@@
  EI2@
+ EI2@@
+ EI2@@@
+ EI3@
+ EI3@@
+ EI3@@@
+ EI4@@
+ EI4@@@
+ EI5@@
  EI5@@@
+ EI6@
+ EI6@@
+ EI7#@@@@
+ EI7@
+ EI7@@
+ EI7@@@
  EI8@
+ EI8@@
  EI9#@@@
+ EI9@
+ EI9@@
+ EI9@@@
+ EJ0@
+ EJ0@@
+ EJ1@
  EJ2@@
  EJ3@@
  EJ3@@@
  EJ4@
  EJ4@@
  EJ4@@@
  EJ6@@
  EJ7@
+ EJ7@@@
  EJ9@@
+ EK0@
  EK1###@
+ EK1###@@
  EK1@@
  EK2###@@
  EK2@@
+ EK3@@
+ EK4@@
  EK6#@@
+ EK6@@
  EK6@@@
+ EK7@@
+ EK8@@
  EK9@@
+ EL2@@
  EL5@@
+ EM0@
+ EM0@@
  EM0@@@
  EM1##@@
+ EM1#@
+ EM1#@@
+ EM1#@@@
  EM1#@@@@
+ EM1@
+ EM1@@
+ EM1@@@
  EM2###@
  EM2##@
+ EM2##@@
  EM2#@
+ EM2#@@
  EM2#@@@
  EM2#@@@@
  EM2#@@@@@
  EM2@
  EM3##@@
  EM3#@
  EM3#@@
  EM3@
  EM3@@@
  EM4@
  EM5##@
+ EM5#@@@
  EM5#@@@@
+ EM5@
+ EM5@@
+ EM5@@@
  EM6#@
+ EM6#@@
  EM6#@@@
  EM7##@
  EM7#@
  EM7#@@@
  EM7@
+ EM7@@
  EM7@@@
  EM8#@
  EM8#@@
  EM8#@@@@
  EM8@
+ EM9#@@
  EM9#@@@
  EM9@@@
+ EN0@
  EN0@@
  EN1##@@
  EN1##@@@
  EN1#@
  EN1#@@
  EN1@
  EN1@@@
  EN2#@@
  EN2#@@@@
  EN2@@@
  EN3#@
  EN3@@@
  EN4#@@@
  EN4@
  EN4@@@
  EN5#@@
  EN5#@@@@
+ EN5@
+ EN6#@@
  EN6#@@@
  EN6@@@
  EN7##@
+ EN7@
  EN7@@@
+ EN8#@@
  EN8@@@
  EN9#@
  EN9#@@
  EN9@
+ EO0@
  EO0@@@
  EO1##@@@
+ EO1#@
+ EO1#@@
  EO1#@@@
+ EO1@
+ EO2##@@
  EO2#@
+ EO2#@@
  EO2#@@@
  EO3#@@
  EO3#@@@
+ EO3@
+ EO5#@
+ EO5#@@
  EO5#@@@
  EO5@
  EO5@@
+ EO5@@@
+ EO6#@
+ EO6#@@
  EO6#@@@
+ EO6@
  EO7#@
  EO7#@@
  EO7@
  EO8###@@@
  EO8#@
+ EO9#@@
  EO9@
+ EP2@
+ EP2@@
+ EP2@@@
+ EP3@@
+ EP3@@@
+ EP4@@
  EP4@@@
  EP6@@
  ER0@
+ ER0@@
+ ER0@@@
  ER1#@@
+ ER1#@@@
+ ER1@
+ ER1@@
  ER1@@@
+ ER2###@
  ER2##@
+ ER2#@
  ER2@
+ ER2@@
  ER3#@@@
+ ER3@
+ ER3@@
  ER3@@@
+ ER4@
+ ER4@@
  ER4@@@
+ ER5##@
  ER5#@
  ER5#@@
+ ER5@@
+ ER6#@
+ ER6#@@
+ ER6@
  ER7#@@
  ER7@
+ ER7@@
  ER8@
+ ER9@
  ES0@
+ ES0@@
  ES1###@
  ES1#@
+ ES1@
+ ES1@@
+ ES1@@@
  ES2@
+ ES2@@
  ES3##@@
+ ES3@@
  ES3@@@
+ ES4@
+ ES4@@
+ ES5@
+ ES5@@
  ES5@@@
+ ES6@
+ ES6@@
+ ES7#@
  ES7#@@
+ ES7@@
  ES7@@@
+ ES8#@
  ES8@
+ ES8@@
  ES8@@@
+ ES9#@
+ ES9@
  ES9@@
  ET2@@
+ ET3@@
+ ET3@@@
  ET7@
+ EU0@@
  EU0@@@
+ EU1@
+ EU1@@
  EU1@@@
+ EU2@@
+ EU3@@
+ EU4@
+ EU4@@
+ EU5@
+ EU6@@
+ EU7@
+ EU7@@
+ EU8@
  EU8@@
  EU9##@@
  EU9@@
+ EV1@
+ EV3#@
  EV4@
  EV4@@
+ EV5@
  EV5@@@
  EV6#@@
+ EV6@
+ EV7#@
  EV7#@@
  EV7@@
  EV8@@
+ EW1@
+ EW1@@
  EW1@@@
  EW2##@
+ EW2@
+ EW2@@
  EW3#@@
+ EW3@
+ EW3@@
+ EW3@@@
  EW4@
+ EW4@@
  EW5#@@
  EW5@
  EW5@@
+ EW6@
+ EW6@@
  EW7@
+ EW7@@
+ EW8@
+ EW8@@
+ EX0@
  EX1#@
  EX1@@
+ EX2@
  EX6#@@
+ EX7@@
+ EX8@
+ EX8@@
+ EX8@@@
+ EX9@
  EY0@
  EY1#@
  EY1#@@
+ EY1@@
  EY2@
  EY2@@@
  EY6#@
  EY6@@
+ EY7@@
+ EY8@@
  EY9#@@
  EZ0@@
  EZ1#@@
  EZ2#@
  EZ2#@@
+ EZ3@
  EZ3@@
  EZ4@@
  EZ5@@
  EZ6@@
  EZ7@
  EZ7@@
+ EZ8@@
  F0@@
+ F0@@@
  F05@@
+ F1@
+ F1@@
+ F1@@@
  F11@@@
+ F2@@
  F2@@@
+ F3@@
  F3@@@
+ F4@@@
+ F5@@
+ F5@@@
+ F6@@
+ F6@@@
  F7@@@
+ F8@@
+ F8@@@
+ F9@@
  F9@@@
+ FA1@@@
+ FB1@@@
+ FG1@@
+ FG4@@
+ FG5@@
+ FG8@@
+ FH5@@
+ FJ5@@
  FK1@@
+ FK8@@
+ FK8@@@
+ FM1@@
+ FM5@@
  FO0@
+ FO0@@
+ FO0@@@
+ FO5@
+ FO5@@
  FO8@@
+ FP5@@
  FR0@
+ FR1@@
+ FR5@@
  FR7@@
  FR8@@
+ FS5@@
  FT4@@
  FT5@
+ FT5@@
+ FW0@@
+ FW2@@
+ FW5@@
  FW7@@@
+ FW8@@
+ FY1@@
+ FY5@@
  FY5@@@
+ G0@@
+ G0@@@
+ G1@
+ G1@@@
+ G2@
+ G2@@
+ G2@@@
+ G3@
+ G3@@
+ G3@@@
  G35@@
+ G4@
+ G4@@
+ G4@@@
+ G5@
+ G5@@
  G5@@@
+ G6@
+ G6@@
+ G6@@@
  G7@
+ G7@@@
+ G8@
+ G8@@
+ G8@@@
+ G9@
+ GA0@@@
+ GA1#@@
  GA2@@
+ GA3@@@
+ GA4@@@
+ GA5@@
  GB0@
+ GB0@@
+ GB0@@@
  GB1##@
+ GB1##@@
  GB1##@@@
  GB1#@@@@
  GB1@
  GB1@@
+ GB1@@@
+ GB2##@
  GB2##@@
  GB2##@@@
  GB2#@@
+ GB2@@
+ GB2@@@
+ GB3@@
+ GB3@@@
  GB4##@@
+ GB4@@
+ GB4@@@
  GB5##@@@
  GB5#@@@
+ GB5@@
+ GB5@@@
  GB6#@@
  GB6#@@@
+ GB6@@
  GB6@@@
  GB7#@@
  GB7@@
+ GB7@@@
  GB8@@
  GB8@@@
+ GB9#@@@
+ GC0@@@
  GC4@@@
  GD0@
+ GD0@@@
+ GD3@@@
  GD4@@
+ GD4@@@
+ GD6@@
  GH0@@
+ GH0@@@
+ GH4@@@
  GH6@@
  GH8@@@
+ GI0@@@
  GI1@
  GI3@@
+ GI3@@@
+ GI4@@@
+ GI5@
  GI6@@
+ GI7@@@
+ GI8@@@
+ GJ0@@@
+ GJ2@
+ GJ3@@@
+ GJ4@@@
  GJ5@@
  GJ6@@
  GJ7@@@
  GJ8@@@
  GK0@@@
+ GK3@@@
+ GK4@@@
+ GM0@
+ GM0@@@
  GM1@
  GM1@@@
+ GM2@
+ GM2@@
  GM2@@@
+ GM3@
  GM3@@
+ GM3@@@
+ GM4@
+ GM4@@@
+ GM5@
  GM5@@
+ GM6@@
  GM6@@@
+ GM7@
+ GM7@@@
  GM8@
  GM8@@@
  GN0@@@
  GN3@@@
  GN4@@@
+ GP0@@@
  GP4@@@
  GP8@@@
  GQ0@@@
  GQ3@@@
  GQ4@@@
+ GR2@@
+ GS0@@@
  GS1@
  GS2@@
+ GS3@@@
  GS4@@@
+ GS8@@
  GT0@@@
+ GT3@@@
  GT4@@@
+ GU0@@@
+ GU3@@@
  GU4@@
+ GU4@@@
  GU5@@
  GU6#@@@
  GU6@@
  GU6@@@
+ GU7@@@
  GU8@
+ GW0@
+ GW0@@@
+ GW1@@@
  GW2@@
  GW3@@
+ GW3@@@
+ GW4@
  GW4@@
+ GW4@@@
+ GW5@
+ GW5@@
+ GW6@
  GW6@@
+ GW6@@@
+ GW7@
+ GW7@@@
  GW8@
  GW8@@
+ GW8@@@
  GW9@
+ GX0@@@
  GX1@@@
+ GX3@@@
+ GX4@
+ GX4@@@
+ GX6@@
  GX8@@@
  GZ7@
+ H2@
  H20@
+ H22@
  H27@
+ H4#@@
+ H40@
+ H40@@
+ H44@
+ H44@@
  H44@@@
  H6@
+ H7@
+ H7@@
  H70@@
+ H70@@@
  H74@
  H75@
  H76@
  H79@
+ H8@
+ HA0@@
+ HA0@@@
  HA1###@@
  HA1##@@@@@
+ HA1@
+ HA1@@
+ HA1@@@
  HA2###@@
  HA2##@@@
  HA2@
+ HA2@@
+ HA2@@@
+ HA3#@
+ HA3@
+ HA3@@
+ HA3@@@
  HA4#@
  HA4#@@
+ HA4#@@@
  HA4@
+ HA4@@
  HA4@@@
+ HA5##@@
+ HA5##@@@
  HA5#@@@
+ HA5@
+ HA5@@
+ HA5@@@
+ HA6@
+ HA6@@
+ HA6@@@
  HA6@@@@
+ HA7@
+ HA7@@
+ HA7@@@
+ HA8##@@
  HA8##@@@
+ HA8#@@@@
  HA8#@@@@@
+ HA8@
+ HA8@@
+ HA8@@@
+ HA9@
+ HA9@@
+ HA9@@@
+ HB0@@
  HB0@@@
+ HB1#@@
  HB2###@
+ HB2###@@
  HB2#@@
  HB2#@@@
+ HB2@
  HB2@@
+ HB2@@@
+ HB3@@@
+ HB4#@@
+ HB4@@
  HB4@@@
  HB5@@
  HB7#@
  HB7@@@
  HB8#@@@@
  HB8@@@
+ HB9@
+ HB9@@
+ HB9@@@
  HB9@@@@
  HB9@@@@@
+ HC1@@
+ HC1@@@
+ HC2@@
+ HC2@@@
  HC3@@
  HC4@
+ HC4@@
  HC4@@@
+ HC5@
+ HC5@@
+ HC6@@
+ HC7@@
+ HC8@
  HC8@@
+ HD2@
  HD2@@
+ HD2@@@
  HD8@
  HE1@
  HE1@@@@
  HE2@@
+ HE3@@@
  HE5@@@
  HE7#@@
+ HE9@@@
+ HF0@
+ HF0@@
+ HF0@@@
  HF1###@@@
  HF1##@@
  HF1##@@@
  HF1#@
  HF1#@@
  HF1#@@@
  HF1@
+ HF1@@
+ HF1@@@
+ HF1@@@@
  HF2#@@
  HF2#@@@
  HF2@@
  HF2@@@
  HF2@@@@
  HF3##@@
  HF3#@@@
  HF3@
+ HF3@@
+ HF4#@@@
  HF4@@@@
  HF5##@@
  HF5#@@
+ HF5#@@@
  HF5@@
  HF6##@
  HF6##@@
+ HF6#@@
  HF6#@@@
+ HF6@@
  HF6@@@@@
  HF7##@
+ HF7##@@
+ HF7#@
  HF7#@@
+ HF7#@@@
  HF7@@
  HF7@@@@
  HF8##@
  HF8#@@
  HF8#@@@
  HF8@@
  HF8@@@@
  HF9#@@
+ HF9@
  HF9@@
  HF9@@@@
+ HG0#@@@
+ HG0@
+ HG0@@
+ HG0@@@
  HG0@@@@
+ HG1###@
  HG1###@@@
  HG1##@@@
+ HG1#@@
+ HG1@
  HG1@@
  HG1@@@
  HG2###@
  HG2###@@@
+ HG2##@
  HG2##@@@
  HG2#@@@
+ HG2@
+ HG2@@
+ HG3#@@@@@
+ HG3@
+ HG3@@
+ HG3@@@
  HG4##@@
  HG4#@
  HG4#@@
  HG4#@@@
+ HG4@
  HG5##@@@
  HG5#@@
  HG5#@@@
+ HG5@
  HG5@@
+ HG5@@@
  HG5@@@@
+ HG6@
  HG7#@
  HG7#@@
+ HG7@
+ HG7@@
+ HG7@@@
+ HG8#@@
  HG8#@@@@@
+ HG8@
+ HG8@@
  HG8@@@
+ HG9@
  HG9@@
+ HG9@@@
+ HH2@@
+ HH2@@@
  HH3@@
+ HI0@
  HI0@@
  HI1@@
+ HI3@
+ HI3@@
+ HI3@@@
  HI4@
  HI7@
+ HI8@
+ HI8@@
+ HI8@@@
+ HI9@
+ HI9@@
  HJ0@
+ HJ0@@@
+ HJ1@@@
+ HJ3@@@
+ HJ4@@@
+ HJ5@@@
  HJ6@@@
  HK0@
+ HK0@@
+ HK0@@@
  HK1##@
+ HK1@
+ HK1@@
+ HK1@@@
  HK2@@@
+ HK3@
+ HK3@@
+ HK3@@@
  HK4@@
+ HK4@@@
+ HK5@
+ HK5@@
+ HK5@@@
+ HK6@
  HK6@@
+ HK6@@@
  HK7#@@@
+ HK7@@@
+ HK8@@@
+ HL0@
+ HL0@@
+ HL0@@@
+ HL0@@@@
+ HL1#@@
+ HL1#@@@
  HL1#@@@@
+ HL1@@
+ HL1@@@
  HL2###@@@
  HL2#@@
+ HL2@@
+ HL2@@@
+ HL3@@
+ HL3@@@
+ HL4@@
+ HL4@@@
  HL5#@@
  HL5#@@@
+ HL5@@
+ HL5@@@
  HL6##@@
  HL8@@@
  HL9@@
+ HM0@@
  HN0@
+ HO1@
  HO3@
  HP1##@@@
+ HP1@
+ HP1@@
+ HP1@@@
+ HP2@@
+ HP2@@@
+ HP3@@
+ HP3@@@
  HP8@@@
  HP9@@@
+ HQ0@
+ HQ2@
+ HQ2@@@
+ HQ3@
  HQ4@
+ HQ8@
+ HQ9@
  HR1@
+ HR1@@
+ HR1@@@
+ HR2@
+ HR2@@
+ HR2@@@
  HR3@
  HR3@@@
  HR5@@@
  HR6@@
  HR8@@
  HR9@@@
+ HS0@
+ HS0@@
+ HS0@@@
+ HS1@@
+ HS1@@@
  HS2@@
+ HS2@@@
  HS3@@
+ HS3@@@
+ HS4@@@
  HS5@@
  HS5@@@
  HS6@@@
+ HS7#@
  HS7@@
  HS7@@@
  HS8#@
+ HS8@@
+ HS8@@@
  HS9#@@
  HS9@@
  HS9@@@
  HT2@
  HT4@
+ HT5@
+ HT7@@@
  HT9@
+ HU1@
+ HU4@
+ HV0@
  HV0@@
  HV1@@
+ HV4@@@
+ HV5#@@
+ HV5@@@
  HZ1@
+ HZ1@@
  HZ1@@@
  HZ4@@
+ I0@@
+ I0@@@
  I0@@@@
  I1@
+ I1@@
+ I1@@@
+ I2@@
+ I2@@@
+ I3@@
+ I3@@@
+ I4@@
+ I4@@@
  I5@@
+ I5@@@
  I6@@
+ I6@@@
  I7@@
+ I7@@@
+ I8@@@
  IA0@@
+ IA0@@@
  IA5@
  IA5@@@
  IA6@@@
  IA8@@@
  IB0@
+ IB0@@
  IB1@
  IB2@@@
+ IB3@
  IB4@
+ IB9@
+ IC8@
  IC8@@
+ IC8@@@
+ ID1@@
  ID1@@@
  ID9@
  ID9@@@
  IE9@
  IF9@
  IF9@@
+ IF9@@@
+ IG9@
+ IH9@
+ IH9@@@
  II0##@@@@@
  II0@
+ II0@@
+ II0@@@
  II0@@@@
+ II1@
+ II1@@
+ II1@@@
  II1@@@@
+ II2@
  II2@@
+ II2@@@
+ II2@@@@
+ II3@
+ II3@@
+ II3@@@
  II3@@@@
+ II4@
+ II4@@@
  II5@@
+ II5@@@
  II5@@@@
  II6@
  II6@@
  II6@@@
  II7@
+ II7@@
+ II7@@@
  II8@
+ II8@@
+ II8@@@
+ II8@@@@
+ II9@
  II9@@
+ II9@@@
  II9@@@@
  IJ0@@@
  IK0@@
+ IK0@@@
+ IK1@
  IK1@@
+ IK1@@@
+ IK2@
  IK2@@
+ IK2@@@
+ IK3@@@
  IK4@@
+ IK4@@@
+ IK5@@@
+ IK6@
+ IK6@@@
  IK7@@
+ IK7@@@
  IK8@@
+ IK8@@@
  IK9@@@
  IL7@
  IM0@
+ IM0@@@
  IN3@
+ IN3@@@
  IO0@@@
+ IO1@
+ IO1@@@
+ IO2@
  IO2@@@
+ IO3@
  IO3@@
+ IO3@@@
+ IO4@
  IO4@@@
+ IO5@
  IO6@@@
  IO7@@@
+ IO8@@@
  IP0@@@
  IP1@
  IP1@@@
  IP8@@@
  IQ0@
+ IQ0@@
  IQ0@@@
  IQ1@
+ IQ1@@
+ IQ2@
+ IQ2@@
+ IQ2@@@
+ IQ3@
+ IQ3@@
  IQ3@@@
+ IQ4@
+ IQ4@@
+ IQ5@
+ IQ5@@
  IQ5@@@
+ IQ6@@
  IQ7@
+ IQ7@@
+ IQ8@
+ IQ8@@
  IQ8@@@
  IQ9@
+ IQ9@@
+ IR0@@
+ IR0@@@
+ IR1@
  IR1@@
+ IR1@@@
+ IR2@
+ IR2@@@
+ IR3@
  IR3@@
+ IR3@@@
+ IR4@
  IR4@@
  IR4@@@
+ IR5@
  IR5@@@
  IR6@
+ IR7@
+ IR7@@
+ IR7@@@
+ IR8@
+ IR8@@
+ IR8@@@
+ IR9@
  IR9@@
  IR9@@@
+ IS0@
  IS0@@
+ IS0@@@
  IT0@@@
  IT1@@@
  IT8@@@
+ IT9@@
+ IT9@@@
  IT9@@@@
  IU0@
  IU0@@
+ IU0@@@
+ IU1@
  IU1@@
+ IU1@@@
+ IU2@
+ IU2@@
  IU2@@@
+ IU3@
  IU3@@
  IU3@@@
  IU4@
  IU4@@
+ IU4@@@
  IU5@@@
+ IU6@@@
  IU7@
  IU7@@
+ IU7@@@
  IU8@@
+ IU8@@@
+ IU9@
+ IU9@@
  IU9@@@
+ IV2@@@
  IV3@@
+ IV3@@@
+ IW0@
  IW0@@
+ IW0@@@
+ IW1@@
+ IW1@@@
+ IW2@@@
+ IW3@
+ IW3@@
+ IW3@@@
+ IW4@@@
+ IW5@@
+ IW5@@@
+ IW6@@@
+ IW7@@@
  IW8@@
+ IW8@@@
  IW9@@
+ IW9@@@
+ IX1@@@
  IY0@@
+ IY0@@@
  IY1@
+ IY1@@
+ IY1@@@
  IY2@@@
+ IY4@
+ IY4@@@
  IY5@@@
+ IY6@@
+ IY9@
  IY9@@
+ IZ0@
+ IZ0@@@
+ IZ1@
+ IZ1@@@
+ IZ2@@@
+ IZ3@@@
+ IZ4@@@
+ IZ5@@@
+ IZ6@@@
+ IZ7@
+ IZ7@@@
+ IZ8@@@
  IZ9@@@
  J2@@@
+ J20@@
+ J28@@
  J28@@@
+ J3#@
+ J3@
+ J34@
+ J37@
+ J37@@
+ J38@
+ J38@@
+ J39@@
  J4#@
  J4#@@
  J4#@@@
  J4#@@@@
  J4#@@@@@
  J40@@@
+ J41@
+ J41@@
+ J41@@@
+ J42@
  J42@@
+ J42@@@
+ J43@
  J43@@
+ J43@@@
+ J45@
+ J45@@
+ J45@@@
  J46@
  J47@@@
  J48@
+ J48@@
+ J48@@@
+ J49@
+ J49@@
  J49@@@
+ J5@
+ J5@@
+ J5@@@
  J52@@
+ J6#@@
+ J6@
+ J6@@
  J64@@
  J66@@
  J67@@
+ J68@@
+ J69@
+ J69@@
  J7#@
+ J7#@@
  J7#@@@
  J7@
+ J7@@
  J70@
  J70@@@
+ J73@
+ J73@@
+ J73@@@
+ J75@
+ J75@@
  J77@@
+ J79@
+ J79@@
+ J79@@@
+ J8@@
  J80@
  J80@@
  J85@
+ J87@@
+ J88@@
+ JA0@@
+ JA0@@@
  JA1#@@
+ JA1@@
+ JA1@@@
+ JA2@@
+ JA2@@@
+ JA3@@
+ JA3@@@
+ JA4@@
+ JA4@@@
+ JA5@@
+ JA5@@@
+ JA6@@
+ JA6@@@
+ JA7@@
+ JA7@@@
+ JA8@@
+ JA8@@@
+ JA9@@
+ JA9@@@
+ JD1@@@
+ JE0@@@
+ JE1@@@
+ JE2@@@
+ JE3@@@
+ JE4@@@
+ JE5@@@
+ JE6@@@
+ JE7@@@
+ JE8@@@
+ JE9@@@
+ JF0@@@
+ JF1@@@
+ JF2@@@
+ JF3@@@
+ JF4@@@
+ JF5@@@
+ JF6@@@
+ JF7@@@
+ JF8@@@
+ JF9@@@
+ JG0@@@
+ JG1@@@
+ JG2@@@
+ JG3@@@
+ JG4@@@
+ JG5@@@
+ JG6@@@
+ JG7@@@
+ JG8@@@
+ JH0@@@
+ JH1@@@
+ JH2@@@
+ JH3@@@
+ JH4@@@
+ JH5@@@
+ JH6@@@
+ JH7@@@
+ JH8@@@
+ JH9@@@
+ JI0@@@
+ JI1@@@
+ JI2@@@
+ JI3@@@
+ JI4@@@
+ JI5@@@
+ JI6@@@
+ JI7@@@
+ JI8@@@
+ JJ0@@@
+ JJ1@@@
+ JJ2@@@
+ JJ3@@@
  JJ4@@@
+ JJ5@@@
  JJ6@@@
  JJ7@@@
+ JJ8@@@
+ JK1@@@
+ JK2@@@
+ JK3@@@
+ JK4@@@
+ JK6@@@
  JK7@@@
+ JK8@@@
+ JL1@@@
+ JL2@@@
+ JL3@@@
+ JL4@@@
+ JL6@@@
+ JL7@@@
+ JL8@@@
+ JM1@@@
+ JM2@@@
+ JM3@@@
+ JM4@@@
  JM6@@@
+ JM7@@@
+ JN1@@@
+ JN2@@@
+ JN3@@@
+ JN4@@@
+ JN6@@@
+ JN7@@@
  JN9#@@
+ JO1@@@
+ JO2@@@
+ JO3@@@
+ JO4@@@
  JO6@@@
+ JO7@@@
  JP0@@@
+ JP1@@@
+ JP2@@@
+ JP3@@@
  JP6@@@
  JP7@@@
+ JQ1@@@
+ JQ2@@@
+ JQ3@@@
+ JQ6@@@
+ JR0@@@
+ JR1@@@
+ JR2@@@
+ JR3@@@
  JR3@@@@
+ JR4@@@
+ JR5@@@
+ JR6@@
+ JR6@@@
+ JR7@@@
+ JR8@@@
+ JR9@@@
  JS0@@@
+ JS1@@@
+ JS2@@@
+ JS3@@@
+ JS6@@@
+ JT1@
+ JT1@@
+ JT1@@@
  JT2@@
  JT2@@@
  JT4@
  JT5@
+ JT5@@
  JT6#@
+ JT8##@@
  JT9@@
+ JU1@
+ JU1@@
  JU6#@@@
  JV5@
+ JV8##@@
  JW0@
+ JW0@@
  JW0@@@
  JW1@
  JW1@@
+ JW1@@@
+ JW2@@
+ JW3@@
  JW3@@@
  JW4@@
+ JW4@@@
+ JW5@
+ JW5@@
+ JW5@@@
  JW6@@
+ JW6@@@
  JW7@
+ JW7@@
+ JW7@@@
  JW8@
+ JW8@@
+ JW8@@@
+ JW9@@
+ JW9@@@
  JX0@@@
  JX2@@
+ JX3@@
  JX4@
+ JX7@@@
+ JX9@@@
+ JY3@@
+ JY4@@
+ JY5@@
  JY6@@
+ JY8@@
+ JY9@@
+ K0@
+ K0@@
+ K0@@@
+ K1@
+ K1@@
+ K1@@@
+ K2@
+ K2@@
+ K2@@@
+ K3@
+ K3@@
+ K3@@@
+ K4@
+ K4@@
+ K4@@@
+ K5@
+ K5@@
+ K5@@@
+ K6@
+ K6@@
+ K6@@@
  K6@@@@
+ K7@
+ K7@@
+ K7@@@
+ K8@
+ K8@@
+ K8@@@
+ K9@
+ K9@@
+ K9@@@
  KA0@
+ KA0@@
+ KA0@@@
+ KA1@
+ KA1@@
+ KA1@@@
+ KA2@
+ KA2@@@
+ KA3@
+ KA3@@@
+ KA4@
+ KA4@@@
+ KA5@
  KA5@@
+ KA5@@@
+ KA6@
+ KA6@@@
+ KA7@
+ KA7@@@
  KA8@
+ KA8@@@
  KA9@
+ KA9@@@
  KB0@
+ KB0@@
+ KB0@@@
+ KB1@
+ KB1@@
+ KB1@@@
+ KB2@
+ KB2@@
+ KB2@@@
+ KB3@
+ KB3@@
+ KB3@@@
  KB4@
+ KB4@@
+ KB4@@@
  KB5@
+ KB5@@
+ KB5@@@
  KB6@
+ KB6@@
+ KB6@@@
+ KB7@
+ KB7@@
+ KB7@@@
+ KB8@
+ KB8@@
+ KB8@@@
+ KB9@
+ KB9@@
+ KB9@@@
+ KC0@
+ KC0@@
+ KC0@@@
+ KC1@
+ KC1@@
  KC1@@@
  KC2@
+ KC2@@
+ KC2@@@
+ KC3@
+ KC3@@
  KC3@@@
+ KC4@
+ KC4@@
+ KC4@@@
+ KC5@
+ KC5@@
+ KC5@@@
+ KC6@
  KC6@@
+ KC6@@@
+ KC7@
+ KC7@@
+ KC7@@@
  KC8@
+ KC8@@
+ KC8@@@
+ KC9@
+ KC9@@
+ KC9@@@
+ KD0@
+ KD0@@
+ KD0@@@
+ KD1@
+ KD1@@
  KD1@@@
+ KD2@
+ KD2@@
+ KD2@@@
  KD3@
+ KD3@@
  KD3@@@
+ KD4@
+ KD4@@
+ KD4@@@
+ KD5@
+ KD5@@
+ KD5@@@
  KD6@
+ KD6@@
+ KD6@@@
+ KD7@
  KD7@@
+ KD7@@@
+ KD8@
+ KD8@@
+ KD8@@@
  KD9@
+ KD9@@
  KD9@@@
+ KE0@
+ KE0@@
+ KE0@@@
+ KE1@
+ KE1@@
  KE1@@@
+ KE2@
+ KE2@@
  KE2@@@
+ KE3@
+ KE3@@
+ KE4@
+ KE4@@
+ KE4@@@
  KE5@
+ KE5@@
+ KE5@@@
  KE6@
+ KE6@@
+ KE6@@@
+ KE7@
+ KE7@@
+ KE7@@@
+ KE8@
+ KE8@@
  KE8@@@
  KE8@@@@
+ KE9@
+ KE9@@
  KE9@@@
  KF0@
+ KF0@@
  KF1@
+ KF2@
+ KF2@@
+ KF3@
  KF3@@
  KF4@
+ KF4@@
+ KF4@@@
  KF5@
+ KF5@@
+ KF5@@@
+ KF6@
+ KF6@@
+ KF6@@@
+ KF7@
+ KF7@@
+ KF7@@@
+ KF8@
+ KF8@@
  KF9@
+ KF9@@
+ KG0@
+ KG0@@
+ KG1@
+ KG2@
+ KG2@@
  KG3@
  KG4#@@
+ KG4@
+ KG4@@
+ KG4@@@
+ KG5@
+ KG5@@
+ KG5@@@
+ KG6@
+ KG6@@
+ KG6@@@
+ KG7@
+ KG7@@
  KG7@@@
  KG8@
+ KG8@@
+ KG9@
+ KG9@@
  KG9@@@
+ KH0@
+ KH0@@
  KH0@@@
+ KH2@
+ KH2@@
  KH2@@@
  KH3@@
  KH5@
  KH5@@
+ KH6@
+ KH6@@
+ KH6@@@
+ KH7@
+ KH7@@
  KH7@@@
+ KH8@
+ KH8@@
+ KI0@
+ KI0@@
+ KI1@
+ KI2@
  KI3@
  KI3@@
+ KI4@
+ KI4@@
+ KI4@@@
+ KI5@
+ KI5@@
+ KI6@
+ KI6@@
+ KI6@@@
+ KI7@
+ KI7@@
  KI7@@@
  KI8@
+ KI8@@
+ KI9@
+ KJ0@
  KJ1@
+ KJ2@
+ KJ3@
  KJ4@
+ KJ4@@
  KJ4@@@
  KJ5@
+ KJ5@@
+ KJ6@
+ KJ6@@
+ KJ6@@@
  KJ7@
+ KJ7@@
  KJ7@@@
  KJ8@
  KJ8@@
+ KJ9@
+ KK0@
+ KK0@@
  KK0@@@
+ KK1@
+ KK1@@
+ KK2@
  KK2@@
  KK3@
  KK3@@
  KK4@
+ KK4@@
+ KK4@@@
+ KK5@
+ KK5@@
  KK5@@@
+ KK6@
+ KK6@@
  KK6@@@
+ KK7@
+ KK7@@
  KK7@@@
+ KK8@
  KK8@@
+ KK9@
+ KK9@@
  KK9@@@
  KL0@
+ KL0@@
+ KL1@
  KL1@@
  KL1@@@
+ KL2@
  KL2@@
  KL3@
  KL4@
  KL4@@
+ KL5@
+ KL7@
+ KL7@@
+ KL7@@@
  KL8@
+ KL8@@
+ KL9@
+ KM0@
  KM0@@@
+ KM1@
+ KM1@@
+ KM2@
+ KM3@
+ KM4@
+ KM4@@
+ KM4@@@
+ KM5@
+ KM5@@
+ KM6@
+ KM6@@
  KM6@@@
  KM7@
  KM7@@
  KM8@
+ KM9@
  KN0@
  KN0@@
  KN0@@@
  KN1@
  KN1@@
  KN1@@@
+ KN2@
  KN2@@@
+ KN3@
  KN3@@@
+ KN4@
+ KN4@@
  KN4@@@
+ KN5@
  KN5@@
  KN5@@@
+ KN6@
+ KN6@@
  KN6@@@
+ KN7@
  KN7@@
  KN7@@@
+ KN8@
  KN8@@
  KN8@@@
+ KN9@
  KN9@@@
  KO0@
+ KO1@
  KO2@
  KO3@
  KO4@
+ KO4@@
  KO4@@@
+ KO5@
  KO5@@
  KO6@
+ KO6@@
+ KO7@
  KO7@@
  KO8@
  KO8@@@
  KO9@
  KO9@@
  KP1@@
+ KP2@
+ KP2@@
+ KP3@
+ KP3@@
+ KP4@
+ KP4@@
+ KP4@@@
  KP4@@@@@@
  KP5@
  KP5@@
+ KQ0@
  KQ1@
+ KQ2@
+ KQ3@
+ KQ4@
+ KQ4@@
  KQ5@
  KQ6@
+ KQ6@@
+ KQ7@
+ KQ8@
  KQ8@@
+ KQ9@
  KQ9@@
+ KR0@
  KR0@@@
+ KR1@
  KR1@@
  KR1@@@
+ KR2@
  KR2@@
+ KR3@
+ KR4@
+ KR4@@
  KR4@@@
+ KR5@
  KR5@@
+ KR6@
  KR6@@
  KR6@@@
+ KR7@
  KR7@@
  KR7@@@
  KR8@
  KR8@@
  KR9@
+ KS0@
+ KS0@@
  KS0@@@
+ KS1@
  KS2@
  KS3@
+ KS4@
+ KS4@@
  KS5@
  KS6@
  KS6@@
+ KS7@
  KS7@@
  KS8@
+ KS9@
+ KT0@
+ KT0@@
+ KT1@
+ KT2@
+ KT3@
  KT3@@
+ KT4@
+ KT4@@
  KT4@@@
+ KT5@
+ KT5@@
  KT5@@@
  KT6@
  KT6@@
  KT6@@@
+ KT7@
  KT7@@
  KT7@@@
+ KT8@
+ KT9@
+ KU0@
  KU1@
+ KU1@@
+ KU2@
  KU2@@
+ KU3@
+ KU4@
+ KU4@@
+ KU5@
+ KU6@
+ KU7@
+ KU8@
+ KU9@
+ KV0@
+ KV1@
+ KV2@
  KV2@@
  KV3@
  KV4@
+ KV4@@
  KV5@
+ KV6@
  KV6@@
  KV7@
+ KV7@@
+ KV8@
  KV9@
  KW0@
  KW0@@
  KW0@@@
+ KW1@
  KW1@@
  KW1@@@
+ KW2@
  KW2@@
+ KW3@
  KW4@
+ KW4@@
  KW4@@@
  KW5@
  KW5@@
  KW5@@@
  KW6@
  KW6@@
  KW6@@@
+ KW7@
+ KW7@@
  KW7@@@
  KW8@
  KW8@@
+ KW9@
+ KX0@
+ KX1@
+ KX1@@
+ KX2@
  KX3@
  KX4@
  KX4@@
  KX4@@@
  KX5@
  KX5@@
  KX5@@@
  KX6@
  KX6@@@
+ KX7@
  KX7@@
  KX8@
  KX8@@
+ KX9@
  KX9@@
  KY0@
+ KY1@
  KY1@@@
  KY2@
  KY3@
  KY3@@@
+ KY4@
  KY4@@
  KY4@@@
+ KY5@
  KY5@@
+ KY6@
  KY6@@
+ KY7@
  KY7@@
  KY8@
  KY9@
  KZ0@
  KZ0@@@
+ KZ1@
  KZ1@@@
+ KZ2@
  KZ3@
+ KZ4@
+ KZ4@@
  KZ4@@@
+ KZ5@
+ KZ5@@
  KZ5@@@
  KZ6@
+ KZ7@
+ KZ8@
  KZ9@
  L2@
+ L20@
  L20@@@
  L21@
  L21@@@
  L22@@
  L22@@@
  L23@@
  L25@@
  L26@@@
  L27@@
  L27@@@
  L28@@@
  L29@@
  L29@@@
  L36@
  L40@
  L41@@@
  L43@@
  L43@@@
  L44@
+ L44@@
  L44@@@
  L45@@
  L45@@@
  L46@@
  L47@
  L47@@
  L47@@@
  L48@@@
  L5@
+ L50@
  L50@@
  L51@@@
  L52@@
  L53@@
  L55@
  L55@@
  L59@@
+ L59@@@
  L65@
  L70@@
  L71@
  L73@
+ L75@@
  L77@
  L80@@
  L9@@
  L99@
+ LA0@@
+ LA1@
+ LA1@@
+ LA1@@@
  LA1@@@@
+ LA2@
+ LA2@@
+ LA2@@@
  LA3#@@@@@
+ LA3@
+ LA3@@
+ LA3@@@
+ LA4@
+ LA4@@
+ LA4@@@
+ LA5@
+ LA5@@
+ LA5@@@
+ LA6@
+ LA6@@
+ LA6@@@
  LA7@
+ LA7@@
+ LA7@@@
+ LA8@
+ LA8@@
+ LA8@@@
+ LA9@
+ LA9@@
+ LA9@@@
+ LB1@@
+ LB2@@
+ LB3@@
  LB5@@
+ LB6@@
  LB7@@
+ LB8@@
+ LB9@@
+ LG5@@
  LI1@@@
  LI2@
+ LI2@@
+ LI2@@@
+ LI3@
+ LI3@@
+ LI5@
+ LI5@@
+ LI5@@@
+ LI6@@
  LI6@@@
+ LI8@
+ LI8@@
+ LI9@@
+ LI9@@@
+ LJ1@@
+ LJ3@@
+ LJ5@@
  LJ8@@
  LM1@@@
  LM2@
  LM2@@@
  LM8@@@
  LN1@
  LN2@
  LN2@@
+ LN3@
  LN4@
  LN5@
  LN7@@@
+ LN8@
+ LN9@
  LO0@
  LO1@
+ LO2@
+ LO4@
+ LO5@
+ LO7@
+ LP0@
+ LP1@
  LP3@
+ LP5@
  LP7@
+ LQ0@
+ LQ5@
  LQ7@
+ LR0@
+ LR1@
+ LR2@
  LR3@@
+ LR4@
  LR5#@
  LR5@
  LR7@
+ LS1@
+ LS2@
  LS4@@
  LS7@
+ LT0@
+ LT1@
+ LT2@
  LT3@
+ LT4@
+ LT5@
+ LT7@
  LU0@
  LU1@
+ LU1@@
+ LU1@@@
+ LU2@@
+ LU2@@@
+ LU3@@
+ LU3@@@
  LU4@
+ LU4@@
+ LU4@@@
+ LU5@@
+ LU5@@@
  LU6@
+ LU6@@
+ LU6@@@
+ LU7@@
+ LU7@@@
+ LU8@@
+ LU8@@@
+ LU9@@
+ LU9@@@
  LV0@
  LV1@
  LV4@
+ LV5@
  LV6@
+ LV7@
+ LW0@
  LW1@
+ LW1@@
+ LW1@@@
+ LW2@@
+ LW2@@@
+ LW3@@
+ LW3@@@
+ LW4@@
+ LW4@@@
+ LW5@@
+ LW5@@@
+ LW6@@
+ LW6@@@
+ LW7@@
+ LW7@@@
+ LW8@@
+ LW8@@@
+ LW9@@
+ LW9@@@
+ LX0@@
+ LX0@@@
+ LX1@@
+ LX1@@@
+ LX2###@
  LX2@
+ LX2@@
+ LX3@@
  LX4@
+ LX5@
  LX6#@@
+ LX6@
+ LX7@
+ LX8@
+ LX8@@
  LX8@@@
  LX8@@@@
+ LX9@@
  LX9@@@
  LX9@@@@
+ LY0@@
  LY1#@
+ LY1#@@
  LY1#@@@
+ LY1@
+ LY1@@
+ LY1@@@
+ LY2###@
  LY2###@@@
  LY2###@@@@
+ LY2#@
+ LY2@
+ LY2@@
+ LY2@@@
+ LY3@
+ LY3@@
  LY3@@@
  LY4#@@
+ LY4@
+ LY4@@
  LY5##@@
  LY5#@@
+ LY5@
  LY5@@
  LY5@@@@
+ LY6#@@
+ LY6#@@@
+ LY6@
  LY7##@
  LY7##@@
+ LY7@
  LY8#@
+ LY8@
+ LY9#@
+ LY9#@@
  LY9#@@@@@
+ LY9@
+ LZ0#@@
  LZ0#@@@
+ LZ0@
  LZ0@@
  LZ0@@@
+ LZ1###@
+ LZ1###@@
+ LZ1###@@@
+ LZ1##@
+ LZ1##@@
  LZ1##@@@
+ LZ1#@@@@
  LZ1@
+ LZ1@@
+ LZ1@@@
  LZ2###@
+ LZ2###@@
+ LZ2#@@
  LZ2@
+ LZ2@@
+ LZ2@@@
+ LZ3##@@@
  LZ3#@@
+ LZ3@
+ LZ3@@
+ LZ4##@@
+ LZ4##@@@
+ LZ4@
+ LZ4@@
  LZ5#@@
  LZ5#@@@
+ LZ5@
+ LZ5@@
  LZ5@@@
  LZ6#@@
+ LZ6#@@@
+ LZ6@
+ LZ7#@@
  LZ7#@@@
+ LZ7@
+ LZ7@@
+ LZ8##@@
+ LZ8#@
+ LZ8@
  LZ8@@@
  LZ8@@@@
+ LZ9##@@@
  LZ9#@@
+ LZ9@
+ M0@
  M0@@
+ M0@@@
  M0@@@@
  M1@
  M1@@
+ M1@@@
+ M2@
+ M20##@
+ M3@
+ M3@@@
+ M4@
+ M5@
+ M5@@@
+ M6@
+ M6@@@
+ M7@
+ M8@
+ M9@
+ MA0@@@
  MB2@@@
  MC0@@@
+ MD0@@@
  MD2@
+ MD3@@@
+ MD4@
  MD6@
  MI0@
+ MI0@@@
+ MI1@@@
+ MI3@@@
  MI5@
+ MI5@@@
+ MI6@@@
  MJ0@
+ MJ0@@@
+ MJ5@
  MM0@
+ MM0@@@
+ MM1@@@
+ MM2@
+ MM3@
+ MM3@@@
+ MM5@@@
+ MM6@@@
  MN0@@@
  MP1@@@
  MQ0@@@
  MQ3@@@
  MQ5@@@
+ MS0@@@
  MU0@
+ MU0@@@
+ MU2@
+ MU3@@@
  MU5@
+ MW0@@@
+ MW1@@@
  MW2@
+ MW3@@@
+ MW5@
  MW5@@@
+ MX0@@@
  MX1@@@
+ MZ5@
+ N0@
+ N0@@
+ N0@@@
  N0@@@@
  N0@@@@@
+ N1@
+ N1@@
+ N1@@@
+ N2@
+ N2@@
+ N2@@@
  N3@
+ N3@@
+ N3@@@
+ N4@
+ N4@@
+ N4@@@
+ N5@
+ N5@@
+ N5@@@
+ N6@
+ N6@@
+ N6@@@
+ N7@
+ N7@@
+ N7@@@
+ N8@
+ N8@@
+ N8@@@
+ N9@
+ N9@@
+ N9@@@
+ NA0@
  NA0@@
+ NA1@
+ NA1@@
+ NA2@
+ NA2@@
  NA3@
+ NA4@
  NA4@@
+ NA5@
+ NA5@@
+ NA6@
+ NA6@@
  NA7@
+ NA7@@
+ NA8@
  NA8@@
+ NA9@
  NA9@@
  NB0@
+ NB1@
+ NB2@
+ NB3@
+ NB4@
  NB5@
  NB6@
  NB6@@
  NB7@
  NB7@@
  NB8@
  NB9@
  NC0@
  NC0@@
+ NC1@
+ NC2@
  NC3@
  NC4@
+ NC4@@
  NC5@
+ NC6@
  NC6@@
+ NC7@
+ NC8@
  NC9@
+ ND0@@
+ ND1@
+ ND2@
+ ND3@
+ ND4@
  ND4@@
+ ND5@
  ND6@
  ND7@
+ ND8@
+ ND8@@
+ ND9@
+ NE0@
+ NE0@@
+ NE1@
+ NE1@@
  NE2@
+ NE3@
+ NE4@
  NE4@@
+ NE5@@
  NE6@
+ NE7@
  NE7@@
+ NE8@
+ NE9@
  NF0@
  NF1@
+ NF2@@
+ NF3@
+ NF4@
  NF5@
+ NF6@
+ NF7@
+ NF8@
+ NF9@
  NG0@
+ NG1@
+ NG2@
+ NG3@
  NG4@
+ NG4@@
  NG5@
  NG6@
+ NG7@
  NG8@
+ NG9@
+ NH0@
  NH0@@
+ NH2@
+ NH2@@
+ NH6@
+ NH6@@
+ NH7@
+ NH7@@
+ NI0@
  NI0@@
+ NI1@
+ NI2@
+ NI3@
+ NI4@
  NI4@@
+ NI5@
  NI5@@
+ NI6@
  NI6@@
+ NI7@
+ NI8@
+ NI9@
  NJ0@
+ NJ1@
+ NJ2@
+ NJ2@@
+ NJ3@
+ NJ4@
  NJ5@
+ NJ6@
  NJ6@@
+ NJ7@
+ NJ8@
  NJ9@
  NK0@
  NK1@
  NK2@
  NK3@
+ NK4@
+ NK5@
+ NK6@
+ NK7@
  NK8@
+ NK9@
+ NL7@
+ NL7@@
+ NM0@
+ NM1@
  NM1@@
  NM2@
  NM3@
  NM4@
+ NM5@
+ NM5@@
  NM6@
  NM7@
  NM8@
+ NM9@
+ NN0@
+ NN0@@
+ NN1@
+ NN1@@
+ NN2@
+ NN2@@
+ NN3@
+ NN3@@
+ NN4@
+ NN4@@
+ NN5@
  NN5@@
+ NN6@
+ NN6@@
+ NN7@
+ NN7@@
+ NN8@
+ NN9@
  NO0@
  NO1@
  NO1@@
+ NO2@
+ NO3@
  NO4@
  NO4@@
+ NO5@
  NO5@@
+ NO6@
  NO6@@
+ NO7@
  NO7@@
+ NO8@
+ NO9@
+ NP2@
+ NP2@@
+ NP3@
+ NP3@@
+ NP4@
+ NP4@@
  NQ0@
+ NQ1@
+ NQ2@
  NQ2@@
+ NQ3@
+ NQ4@
+ NQ5@
  NQ6@
+ NQ7@
  NQ8@
  NQ9@
+ NR0@
+ NR1@
+ NR1@@
  NR2@
+ NR3@
+ NR4@
  NR4@@
+ NR5@
+ NR6@
+ NR7@
+ NR7@@
+ NR8@
  NR9@
  NS0@
+ NS0@@
  NS0@@@@
+ NS1@
+ NS1@@
+ NS2@
+ NS3@
+ NS4@
  NS4@@
  NS5@
+ NS6@
+ NS7@
  NS7@@
  NS8@
+ NS9@
+ NS9@@
+ NT0@
  NT0@@
+ NT1@
+ NT2@
  NT2@@
  NT3@
+ NT4@
  NT4@@
+ NT5@
  NT5@@
+ NT6@
  NT7@
+ NT8@
+ NT9@
  NU0@
+ NU1@
+ NU1@@
  NU2@
  NU3@
+ NU4@
+ NU4@@
+ NU5@
  NU5@@
+ NU6@
+ NU7@
+ NU8@
  NU9@
  NV0@
+ NV1@
  NV2@
  NV3@
  NV4@
  NV4@@
+ NV5@
  NV6@
+ NV7@
  NV7@@
+ NV8@
+ NV9@
+ NW0@
  NW1@
+ NW2@
+ NW3@
+ NW4@
+ NW4@@
  NW5@
+ NW6@
+ NW7@
+ NW7@@
+ NW8@
  NW9@
  NX0@
+ NX1@
+ NX2@
  NX3@
+ NX4@
  NX4@@
+ NX5@
+ NX6@
+ NX7@
+ NX7@@
  NX8@
+ NX9@
+ NY0@
+ NY1@
+ NY2@
  NY2@@
+ NY3@
  NY3@@
+ NY4@
+ NY4@@
  NY5@
+ NY6@
+ NY6@@
  NY7@
  NY8@
  NY9@
+ NZ0@
+ NZ1@
  NZ2@
+ NZ3@
+ NZ4@
  NZ4@@
+ NZ5@
  NZ6@
+ NZ7@
+ NZ8@
+ NZ9@
+ OA1@
+ OA4@
+ OA4@@
+ OA4@@@
  OA6@
  OA6@@
  OA8@@@
+ OC1@
+ OC4@
+ OC4@@
  OC4@@@
  OC5@
  OC6@
+ OD5@@
+ OD5@@@
+ OE0@@
  OE1##@@@@@
  OE1#@
+ OE1@
  OE1@@
+ OE1@@@
+ OE2###@
+ OE2###@@@
+ OE2@
+ OE2@@
+ OE2@@@
  OE2@@@@
  OE3#@@
+ OE3#@@@@@
+ OE3@
+ OE3@@
+ OE3@@@
+ OE4@
+ OE4@@@
  OE5#@
  OE5#@@
+ OE5#@@@
  OE5@
+ OE5@@
+ OE5@@@
+ OE6@
+ OE6@@
+ OE6@@@
  OE7#@
+ OE7#@@@
+ OE7@@
+ OE7@@@
  OE8#@@@
  OE8@
  OE8@@
+ OE8@@@
+ OE9@
+ OE9@@@
  OF0@
  OF1@
  OF1@@
  OF2@@@
  OF3@
+ OF3@@
+ OF4#@
  OF4@
  OF5@
+ OF6@
  OF6@@
  OF6@@@
  OF8@
+ OF9@
+ OG0@
+ OG1@
  OG1@@
+ OG2#@@
+ OG2@
  OG2@@@
+ OG3###@
+ OG3#@@
+ OG3@
+ OG3@@
+ OG4@
+ OG5#@
  OG5@
  OG5@@
+ OG6@
  OG6@@
  OG6@@@
+ OG7#@
+ OG7@
+ OG8@
+ OG9@
  OG9@@
+ OH0@
+ OH0@@
+ OH0@@@
  OH1#@
+ OH1#@@
+ OH1@
+ OH1@@
+ OH1@@@
  OH1@@@@
+ OH2@
+ OH2@@
+ OH2@@@
  OH2@@@@
  OH3@
+ OH3@@
+ OH3@@@
+ OH4@
+ OH4@@
+ OH4@@@
+ OH5@
+ OH5@@
+ OH5@@@
  OH6#@@
+ OH6@
+ OH6@@
+ OH6@@@
+ OH7@
+ OH7@@
+ OH7@@@
+ OH8@
+ OH8@@
+ OH8@@@
+ OH9@
+ OH9@@
+ OH9@@@
  OI2@@
  OI3@
  OI4@@
  OI6@@
+ OJ0@
+ OJ0@@
  OJ1@
  OJ1@@@@
+ OJ2@
  OJ3@
  OJ4@
  OJ5@
+ OJ6@
+ OJ7@
  OJ8@
+ OK0@@
+ OK0@@@
  OK1@
+ OK1@@
+ OK1@@@
  OK2@
+ OK2@@
+ OK2@@@
+ OK3@
+ OK3@@
+ OK3@@@
  OK4@
+ OK4@@
  OK4@@@
+ OK5@
+ OK5@@
  OK5@@@
+ OK6@
+ OK6@@
+ OK7@
+ OK7@@
+ OK7@@@
+ OK8@@
+ OK8@@@
  OK9@@@
+ OL0@
  OL0@@
+ OL1@
  OL1@@
  OL1@@@
  OL2##@@
+ OL2@
  OL2@@
+ OL3#@
  OL3#@@@
+ OL3#@@@@@
+ OL3@
  OL3@@
  OL4#@@
  OL4#@@@@
+ OL4@
+ OL4@@
  OL4@@@
+ OL5@
  OL5@@
  OL5@@@
  OL6##@@
  OL6#@@
  OL6#@@@@
+ OL6@
+ OL6@@
+ OL7##@@@@@
+ OL7#@@@
  OL7#@@@@
+ OL7@
+ OL8@
  OL8@@
+ OL9@
  OL9@@
+ OM0@
+ OM0@@
  OM0@@@
  OM1##@@
+ OM1@@
+ OM1@@@
+ OM2@
+ OM2@@
+ OM2@@@
+ OM3@
+ OM3@@
+ OM3@@@
+ OM4@
+ OM4@@
  OM4@@@
  OM5##@@
  OM5#@@@
+ OM5@
+ OM5@@
  OM5@@@
  OM6#@@@
+ OM6@
+ OM6@@
+ OM7@
+ OM7@@
  OM7@@@
+ OM8@
+ OM8@@
  OM9@@
+ OM9@@@
+ ON0@@
+ ON0@@@
  ON1###@
  ON1###@@@@@@
  ON1##@@@
  ON1##@@@@
  ON1##@@@@@
  ON1#@@
  ON1#@@@@@
+ ON1@@
+ ON1@@@
+ ON2@@
+ ON2@@@
  ON3#@@@@@
+ ON3@@
+ ON3@@@
  ON4##@
  ON4#@@@
  ON4#@@@@@
+ ON4@
+ ON4@@
+ ON4@@@
  ON4@@@@
+ ON4@@@@@@
  ON5#@@
+ ON5#@@@
+ ON5@@
+ ON5@@@
  ON6#@
  ON6#@@
+ ON6#@@@
+ ON6@@
+ ON6@@@
  ON7@
+ ON7@@
+ ON7@@@
+ ON8@@
  ON8@@@
  ON9##@@
+ ON9@@
+ ON9@@@
+ OO1##@
  OO1##@@
  OO2@
  OO3@@
  OO3@@@
  OO4@
+ OO4@@
+ OO4@@@
+ OO5@
+ OO5@@
  OO5@@@
  OO6@
+ OO6@@
  OO7@
+ OO7@@
  OO7@@@
+ OO9@
  OP0@
+ OP0@@
+ OP0@@@
  OP1#@
+ OP1@
+ OP2@
+ OP4@
  OP4@@
  OP4@@@
  OP5@
  OP6@
  OP6@@
+ OP7@
  OP7@@
  OP8@@
+ OQ0@
  OQ0@@@
+ OQ1@
+ OQ4@@
+ OQ4@@@
+ OQ5@
  OQ5@@
  OQ6@
+ OQ6@@
  OQ7@
  OQ7@@
+ OR0@
  OR0@@
  OR0@@@
+ OR1@
+ OR2@
+ OR3@
+ OR4@
  OR4@@
  OR4@@@
+ OR5@
  OR5@@
  OR6@
+ OR6@@
+ OR7@
+ OS0@
  OS1@
  OS2@@@
  OS4@@
+ OS4@@@
  OS5@@
  OS6@
  OS6@@
  OS7@
  OS7@@
+ OS8@
+ OT0@
+ OT1@
+ OT2@
+ OT3@
+ OT4@
  OT4@@@
+ OT5@
+ OT6@
  OT6@@
+ OT7@
  OT7@@
+ OT8@
+ OT9@
  OU0@@@@@
+ OU2@
  OU2@@
+ OU4@
+ OU4@@
+ OU5@
  OV1@
+ OV1@@@
+ OV2@
+ OV3@
  OX1@@
  OX1@@@
+ OX2@
+ OX3@@
+ OX3@@@
+ OX5@
  OX6#@@
+ OY1@
+ OY1@@
+ OY2@
+ OY3@@
+ OY4@@
  OY6@@@
+ OY7@@
  OY8@@
+ OY9@
+ OY9@@
+ OZ0@
+ OZ0@@
  OZ0@@@
  OZ0@@@@
+ OZ1#@
  OZ1@
+ OZ1@@
+ OZ1@@@
  OZ2@
+ OZ2@@
+ OZ2@@@
  OZ3@
+ OZ3@@
+ OZ3@@@
+ OZ4@
+ OZ4@@
+ OZ4@@@
+ OZ5@
+ OZ5@@
+ OZ5@@@
+ OZ6@
+ OZ6@@
+ OZ6@@@
+ OZ7@
+ OZ7@@
+ OZ7@@@
+ OZ8@
+ OZ8@@
+ OZ8@@@
  OZ9@
+ OZ9@@
+ OZ9@@@
+ P2#@@
  P20@@@
  P29@
+ P29@@
+ P29@@@
+ P3#@
+ P3@
  P3@@
+ P33@
+ P39@
+ P4#@
+ P4#@@
  P4#@@@
  P4@@
+ P40@
+ P40@@
+ P41@
+ P41@@
+ P41@@@
+ P43@
+ P43@@
+ P43@@@
+ P44@
  P48@@
+ P49@
+ P49@@
  P5@
+ P5@@
  P5@@@
  P5@@@@
  P50@@
+ P51@@
  P51@@@
  P52@@
  P55@
  PA0#@@@@
+ PA0@
+ PA0@@
+ PA0@@@
  PA1##@
  PA1##@@@
+ PA1@
+ PA1@@
+ PA1@@@
+ PA2###@
  PA2#@@@
  PA2#@@@@@
  PA2#@@@@@@
+ PA2@
+ PA2@@
+ PA2@@@
  PA3#@@@@@
+ PA3@
+ PA3@@
+ PA3@@@
+ PA4##@@@
+ PA4@
+ PA4@@
+ PA4@@@
  PA5#@@
+ PA5@
+ PA5@@
  PA5@@@
  PA6#@@@
+ PA6@
+ PA6@@
+ PA6@@@
  PA7#@@
+ PA7@
+ PA7@@
+ PA7@@@
  PA8#@@@
+ PA8@@
  PA8@@@
  PA9@
+ PA9@@
  PA9@@@
+ PB0@@@
+ PB1@@
  PB1@@@
+ PB2@
+ PB2@@
  PB5@@
  PB6@
  PB6@@
  PB7@
+ PB7@@
+ PB9@@
  PC0#@@@@
  PC0@
  PC1##@
  PC1@
  PC1@@@
+ PC2@
+ PC3#@@@@@
  PC4@
  PC5#@
+ PC5@
  PC6##@@@@
  PC6@@@
  PC6@@@@
  PC8@
  PD0#@@@
  PD0#@@@@
  PD0#@@@@@
+ PD0@@
+ PD0@@@
+ PD1@
+ PD1@@
+ PD1@@@
+ PD2@
+ PD2@@
+ PD2@@@
+ PD3@@@
  PD4@
+ PD4@@
  PD4@@@
+ PD5@
  PD5@@
+ PD5@@@
+ PD7@@
  PD7@@@
  PD9@@
  PD9@@@
+ PE0@@@
  PE1@
  PE1@@
+ PE1@@@
  PE2@
+ PE2@@
+ PE2@@@
+ PE3@
  PE3@@@
+ PE4@@
+ PE4@@@
  PE5@
  PE5@@
  PE5@@@
+ PE7@
  PE7@@
  PE8@@@
+ PE9@@
+ PF0#@@@@
  PF0@
  PF1@@
  PF3#@@@
  PF3#@@@@@
+ PF3@
  PF5@
+ PF7@
+ PF7@@@
  PG0#@@@@
  PG0@
  PG1#@@
+ PG1#@@@
+ PG2@@
+ PG3@
+ PG4@
+ PG5@
+ PG6@
+ PG7@
  PG9@
  PH0#@@@@
+ PH0@@
  PH1@
  PH1@@
+ PH2@
  PH2@@
  PH3@@@
  PH4@
  PH4@@@
  PH5@
  PH6@@@@
+ PH7@
  PH7@@
  PH9@
  PI2#@@@
  PI2#@@@@
+ PI4@
+ PI4@@
+ PI4@@@
  PI5#@
  PI5#@@@
+ PI5@@@
  PI6#@@
+ PI6#@@@
  PI7#@@
  PI7@@@
  PI9@@
  PI9@@@
+ PJ2@
+ PJ2@@
  PJ2@@@
+ PJ4@
+ PJ4@@
+ PJ5@
+ PJ5@@
  PJ6@
+ PJ7@
+ PJ7@@
  PJ8@
  PJ8@@
+ PJ9@
+ PJ9@@
  PP1###@@
+ PP1@@
+ PP2@@
+ PP2@@@
+ PP5@@
+ PP5@@@
  PP5@@@@
+ PP6@@
+ PP7@@
  PP7@@@
+ PP8@
+ PP8@@
+ PP8@@@
+ PQ2@
+ PQ5@
  PQ7@
  PQ8@@
+ PR0@
+ PR1@
+ PR2@
  PR2@@
+ PR3@
+ PR5@
+ PR7@@
+ PR7@@@
+ PR8@@
  PR8@@@
  PR9@
  PS0@
+ PS1##@@
+ PS2@
  PS5@
+ PS7@@
+ PS7@@@
+ PS8@@
  PS8@@@
+ PT0@
  PT1@
+ PT2@
+ PT2@@
+ PT2@@@
  PT3@
  PT4@
  PT5##@
+ PT5@
+ PT7@@
+ PT7@@@
+ PT8@@
  PT8@@@
+ PT9@
  PT9@@
  PT9@@@
+ PU1@@@
  PU2@@
+ PU2@@@
  PU3@
+ PU3@@@
  PU4@@@
+ PU5@@@
  PU6@@@
+ PU7@@@
  PU9@@@
+ PV0@
  PV2@
  PV5##@
  PV5@
  PV5@@@@
  PV7@
  PV7@@
+ PV8@@
+ PV8@@@
+ PW0@
+ PW1@
+ PW2@
  PW5##@
+ PW5@
+ PW6@@
+ PW7@
  PW8@@
  PX0@
+ PX1@
+ PX2@
+ PX5@
+ PX8@
  PY0@
+ PY0@@
+ PY0@@@
+ PY1@@
+ PY1@@@
  PY2#@@
  PY2@
+ PY2@@
+ PY2@@@
+ PY3@@
+ PY3@@@
+ PY4@@
+ PY4@@@
  PY5##@
  PY5@
+ PY5@@
+ PY5@@@
+ PY6@@
  PY6@@@
+ PY7@@
+ PY7@@@
  PY8@@
+ PY8@@@
+ PY9@@
+ PZ1@@
+ PZ5#@
+ PZ5@
+ PZ5@@
+ R0@
+ R0@@
+ R0@@@
  R0@@@@
+ R1###@
  R1###@@
  R1##@
+ R1##@@
  R1##@@@
+ R1#@@@
+ R1#@@@@
  R1@
+ R1@@
+ R1@@@
  R10##@
+ R10#@@
+ R10@@@
  R11##@@
  R11@@@
  R16@
  R2###@
  R2###@@
  R2##@
  R2#@@@
+ R2#@@@@
  R2@
+ R2@@
+ R2@@@
  R20@@
+ R24#@@
  R27#@
  R3##@
  R3##@@
+ R3#@
+ R3#@@@
+ R3@
+ R3@@
+ R3@@@
  R3@@@@
  R3@@@@@
  R30#@@
+ R31@
+ R34@
+ R35@@
  R37#@
+ R37@
+ R4##@
+ R4##@@
+ R4#@@
  R4#@@@
+ R4#@@@@
+ R4@
+ R4@@
+ R4@@@
  R40#@
  R40@
  R40@@@
+ R41@
  R41@@
  R45#@
+ R45#@@
  R45#@@@
  R45@
  R5#@@@
+ R5@@
+ R5@@@
+ R50@@
  R50@@@
  R6#@@@
  R6@
+ R6@@
+ R6@@@
  R6@@@@
  R60@
  R60@@
+ R60@@@
  R62#@@
  R65@@
+ R7##@@
+ R7#@@@
+ R7@
+ R7@@
+ R7@@@
  R70@@
+ R70@@@
  R73@
  R73@@@
+ R75#@
+ R75#@@
+ R8##@
  R8#@@
+ R8#@@@
  R8@
+ R8@@
+ R8@@@
  R80@@
  R85#@
  R86#@
  R9##@
+ R9#@@@
+ R9#@@@@
+ R9@@
+ R9@@@
+ RA0@
+ RA0@@
+ RA0@@@
  RA1#@@
+ RA1@
+ RA1@@
+ RA1@@@
+ RA2@
+ RA2@@
+ RA2@@@
+ RA3@
+ RA3@@
+ RA3@@@
+ RA4@
+ RA4@@
+ RA4@@@
  RA5#@@
+ RA5@
+ RA5@@
  RA6@
+ RA6@@
+ RA6@@@
+ RA7@
+ RA7@@
+ RA9@
+ RA9@@
+ RA9@@@
  RC1##@@@
  RC1#@@
+ RC1@
+ RC2#@@
+ RC2@
+ RC3@
+ RC3@@
+ RC4@
  RC4@@
+ RC4@@@
+ RC5#@@
+ RC5@
+ RC6@
+ RC7@
  RC8@@
+ RC9@
+ RD0@
  RD0@@
  RD1#@@
+ RD1@
  RD1@@
+ RD3@
+ RD3@@
+ RD4@
+ RD4@@
+ RD4@@@
  RD6@@
  RD7#@@
+ RD8@
  RD9@
+ RD9@@
+ RE3@@@
  RF1@
+ RF3@
+ RF4@
+ RF8@
+ RF9@
  RG0@
+ RG3@
+ RG4@
+ RG5#@@
+ RG5@
  RG6#@@
+ RG6@
+ RG7@
+ RG8@
+ RG9@
+ RH1@
  RH9@@
+ RI0@
+ RI0@@
+ RI0@@@
+ RI1@
+ RI1@@
+ RI1@@@
+ RI3@
+ RI4@
  RI6@@@
+ RI9@
+ RI9@@
  RJ1@
+ RJ2#@@
  RJ3@
+ RJ3@@
+ RJ4@
+ RJ5#@@
+ RJ7@
+ RJ9@
  RK0@
+ RK0@@
+ RK0@@@
  RK1#@@
+ RK1@
+ RK1@@
+ RK1@@@
+ RK2@
+ RK2@@@
+ RK3@
+ RK3@@
+ RK3@@@
  RK4@
+ RK4@@
+ RK4@@@
+ RK5#@@
  RK5#@@@
+ RK6@@
+ RK6@@@
+ RK7@
  RK8#@
+ RK8@
+ RK9@
+ RK9@@
+ RK9@@@
  RL1#@@
+ RL1@
+ RL2@
+ RL3@
+ RL3@@
+ RL3@@@
+ RL4@
+ RL5@
+ RL6@
+ RL6@@
  RL6@@@
+ RL9@
+ RL9@@
+ RM0@
+ RM1#@@
+ RM1@
+ RM2#@@
+ RM2@
+ RM3@
+ RM3@@
+ RM4@
+ RM4@@
+ RM5#@@
+ RM5@
+ RM6@
  RM6@@
+ RM7@
+ RM8@
  RM9@
+ RM9@@
  RN0@
+ RN0@@
  RN1#@@
+ RN1@
+ RN1@@
+ RN1@@@
  RN2@
+ RN2@@
+ RN3@
+ RN3@@
+ RN3@@@
+ RN4@
+ RN4@@
+ RN4@@@
  RN5#@@
  RN5@
+ RN5@@
+ RN6@
+ RN6@@
  RN6@@@
+ RN7@
+ RN9@
+ RN9@@
+ RN9@@@
  RO1#@@
+ RO1@
+ RO2@
+ RO3@
+ RO4@
+ RO5#@@
+ RO5@
+ RO6@
+ RO7@
  RO7@@@
+ RO9@
  RP0@
  RP0@@@
+ RP1@
  RP1@@
+ RP1@@@
  RP3@
+ RP3@@
+ RP3@@@
+ RP4@
+ RP4@@@
  RP6#@
+ RP6#@@
  RP6#@@@
+ RP6@
  RP6@@@
+ RP7#@
+ RP7#@@
+ RP9@
  RP9@@
+ RP9@@@
  RQ1#@@
+ RQ1@
+ RQ2#@@
+ RQ3@
  RQ4@
+ RQ5#@@
+ RQ5@
+ RQ7@
+ RQ9@
  RR9@
+ RS0@
+ RS3@
  RS9@
  RT0@
  RT1#@@
+ RT1@
+ RT2#@@
+ RT2@
+ RT3@
+ RT3@@
+ RT4@
+ RT4@@
+ RT5#@@
+ RT5@
+ RT6@
+ RT6@@
+ RT7#@@
+ RT7@
  RT7@@
+ RT8@
  RT9#@@
+ RT9@
+ RU0@
+ RU0@@
+ RU0@@@
+ RU1#@@
+ RU1@
+ RU1@@
  RU1@@@
+ RU2@@
+ RU3@
+ RU3@@
+ RU3@@@
+ RU4@
+ RU4@@
  RU5#@@
+ RU5@
+ RU5@@
+ RU6@
+ RU6@@
+ RU6@@@
+ RU7@
  RU9@
+ RU9@@
+ RU9@@@
+ RV0@@
  RV0@@@
  RV1#@@
+ RV1@@
+ RV2@@
+ RV3@
+ RV3@@
+ RV3@@@
+ RV4@@
  RV4@@@
+ RV5#@@
  RV5@
+ RV6@@
+ RV6@@@
  RV7@@
+ RV9@@
+ RV9@@@
+ RW0@
+ RW0@@
+ RW0@@@
+ RW1@
+ RW1@@
+ RW2@
+ RW3@
+ RW3@@
+ RW3@@@
+ RW4@
+ RW4@@
+ RW4@@@
+ RW5#@@
  RW5@
  RW5@@
+ RW6@@
+ RW6@@@
+ RW7@
+ RW9@
+ RW9@@
+ RW9@@@
  RX0@
+ RX0@@
  RX0@@@
+ RX1@
+ RX1@@
+ RX3@
+ RX3@@
+ RX3@@@
+ RX4@
+ RX4@@
+ RX4@@@
+ RX5#@@
+ RX6@@
+ RX6@@@
+ RX7@
+ RX9@@
+ RX9@@@
+ RY2@
  RY3@
  RY3@@@
  RY4@
  RY5@@
+ RY6@
+ RY7@
  RY7@@
+ RY9@
+ RZ0@@
+ RZ0@@@
+ RZ1#@@
+ RZ1@
+ RZ1@@
+ RZ1@@@
+ RZ3@
+ RZ3@@
+ RZ3@@@
  RZ4@
+ RZ4@@
+ RZ4@@@
+ RZ5#@@
+ RZ5@@
  RZ6@
+ RZ6@@
+ RZ6@@@
+ RZ8@
  RZ9@
+ RZ9@@
+ RZ9@@@
+ S0#@@
  S0@
+ S0@@
+ S0@@@
  S0@@@@
+ S01@
+ S01@@
  S02@
+ S05@
+ S07@
+ S07@@
  S08@
+ S09@
  S2@@@
+ S21@
+ S21@@
+ S21@@@
  S5##@
+ S5##@@@
+ S5#@
+ S5#@@
+ S5#@@@
+ S5@
  S5@@
+ S50##@
  S50##@@
  S50#@
+ S50@
+ S50@@
+ S50@@@
  S50@@@@@
  S51#@
+ S51@
+ S51@@
+ S51@@@
  S52#@
+ S52@
+ S52@@
  S52@@@
  S53#@
+ S53@
+ S53@@
+ S53@@@
  S54#@
+ S54@
+ S54@@
+ S55@
+ S55@@
  S55@@@
+ S56#@
+ S56@
+ S56@@
+ S56@@@
  S57#@
+ S57@
+ S57@@
+ S57@@@
  S58#@
  S58#@@
+ S58@
+ S58@@
+ S59@
+ S59@@
+ S59@@@
  S61@@
  S65@
  S7#@
  S7#@@
  S79@
+ S79@@
+ S79@@@
  S83@@
  S9@
+ S9@@
+ S92@@
+ S92@@@
  SA0@
+ SA0@@@
+ SA1@
  SA1@@@
  SA2###@@
  SA2#@@
  SA2@
  SA3@
  SA3@@@
+ SA4@
  SA4@@@
+ SA5@
+ SA5@@@
  SA6#@
  SA6@
+ SA6@@
  SA6@@@
+ SA7@@@
  SA8#@@@@
+ SB0@
  SB2##@@
  SB3##@
  SB3@
+ SB6@
  SB7@
+ SB7@@@
+ SC0@
  SC0@@
  SC0@@@@
  SC1###@@
  SC1@@
  SC2@@
+ SC3##@@
  SC3@
  SC3@@
  SC5@
  SC5@@
+ SC6@
  SC7@
  SC9#@@@
  SD0@
  SD1@
  SD3@
  SD4#@@
+ SD5@@
+ SD6@
  SD6@@
  SD7@
  SD7@@
+ SE0@
  SE0@@@
  SE1@@@
+ SE2@
  SE3@@@
+ SE4@
  SE4@@@
  SE5#@
+ SE5@
  SE5@@@
+ SE6@
  SE6@@@
  SE7@
  SE7@@
  SE7@@@
  SF0@
  SF3#@
+ SF3@
+ SF4@
  SF5#@
  SF5@
+ SF6@
+ SF7@
+ SF7@@
+ SG0@
  SG3@
  SG3@@@
+ SG5@
  SG6#@@
  SH1@@
  SH3@
+ SI0@
  SI0@@@
  SI1@@@
  SI2@@@
  SI3@@@
  SI4@@@
+ SI5@
+ SI5@@@
  SI6@
  SI6@@@
  SI7#@
  SI7@@@
  SI8#@
  SI9##@@@
+ SI9@@
  SJ0@
  SJ0@@@
+ SJ2@
  SJ2@@
  SJ3@
  SJ3@@
+ SJ4@
  SJ5@@
+ SJ9@@
  SK0@
+ SK0@@
  SK0@@@
+ SK2@
+ SK2@@
  SK2@@@
+ SK3@
+ SK3@@
+ SK4@@
+ SK5@@
  SK5@@@
  SK6#@@
+ SK6@
+ SK6@@
+ SK6@@@
  SK7#@@
+ SK7@
+ SK7@@
  SK7@@@
+ SK9@@
  SL0@
  SL0@@
  SL1@@
  SL2@@
  SL3@
  SL3@@
  SL6#@@@
  SL8@@@
+ SM0@
+ SM0@@
+ SM0@@@
  SM1@
+ SM1@@@
+ SM2@
+ SM2@@
+ SM2@@@
+ SM3@
+ SM3@@
+ SM3@@@
  SM4@
  SM4@@
+ SM4@@@
+ SM5@
+ SM5@@
+ SM5@@@
+ SM6@
+ SM6@@
+ SM6@@@
+ SM7@
+ SM7@@
+ SM7@@@
+ SM8@
  SN0@
+ SN0@@
+ SN0@@@
  SN0@@@@
  SN1###@
  SN1###@@
+ SN1###@@@
  SN1##@
  SN1##@@
  SN1#@
  SN1#@@
  SN1#@@@
+ SN1@
  SN1@@
  SN1@@@@
  SN2##@@
  SN2##@@@@
  SN2#@@
+ SN2#@@@
+ SN2@
+ SN2@@
  SN2@@@@
+ SN3#@@@
+ SN3@
+ SN4@
  SN4@@
  SN4@@@
+ SN4@@@@
  SN5#@@@
+ SN5@
  SN5@@
  SN6##@@
  SN6#@@@
+ SN6@
  SN6@@
  SN6@@@
+ SN7##@
+ SN7#@
  SN7#@@@
+ SN7@
+ SN8##@
  SN8#@@@
+ SN8@
  SN9##@
  SN9##@@
+ SN9#@@@
+ SN9@
  SN9@@
  SO0@@@
  SO1@
  SO1@@
  SO1@@@
+ SO2@
  SO3@@
+ SO4@
+ SO5@
+ SO5@@
  SO6##@@
+ SO6@
  SO7@
  SO7@@
+ SO8@
  SO8@@
  SO9#@@@
+ SO9@
  SO9@@
  SP0@
  SP0@@
+ SP0@@@
+ SP0@@@@
  SP1###@@@
  SP1@
+ SP1@@
+ SP1@@@
  SP2###@
+ SP2@
+ SP2@@
+ SP2@@@
+ SP3@
+ SP3@@
+ SP3@@@
+ SP4@
+ SP4@@
+ SP4@@@
  SP5@
+ SP5@@
+ SP5@@@
  SP6#@@
+ SP6@
+ SP6@@
+ SP6@@@
+ SP7#@
+ SP7@
+ SP7@@
+ SP7@@@
  SP8#@@@
+ SP8@
+ SP8@@
+ SP8@@@
  SP9#@@@
+ SP9@
+ SP9@@
+ SP9@@@
  SQ0@@@@
  SQ1@
  SQ1@@
+ SQ1@@@
+ SQ2@@
+ SQ2@@@
  SQ3@
+ SQ3@@
+ SQ3@@@
+ SQ4@@
+ SQ4@@@
+ SQ5@
+ SQ5@@
+ SQ5@@@
+ SQ6#@@@
+ SQ6@
+ SQ6@@
+ SQ6@@@
  SQ7@@
+ SQ7@@@
+ SQ8@
+ SQ8@@
+ SQ8@@@
  SQ9#@@@
+ SQ9@
+ SQ9@@
+ SQ9@@@
  SR9@@@
  SS0@@@
+ ST0@
+ ST0@@
  ST0@@@
+ ST1##@
  ST1@@
  ST1@@@
+ ST2@
+ ST2@@
+ ST2@@@
  SU0@@@
+ SU1@@
  SU2@@
+ SU3@@
  SU5#@@@@
+ SU5@@
  SU6#@@
+ SU8@@@
+ SU8@@@@
+ SU9@@
+ SV0@@
+ SV0@@@
+ SV1@@
+ SV1@@@
+ SV2###@
+ SV2@
  SV2@@
+ SV2@@@
+ SV3@
+ SV3@@
+ SV3@@@
+ SV4@@@
+ SV5@
+ SV5@@
+ SV5@@@
+ SV6@@@
+ SV7@@@
+ SV8@@
+ SV8@@@
  SV9@@
+ SV9@@@
  SW1@
  SW1@@
  SW1@@@
  SW2@
  SW5@@
+ SW8@
  SW8@@
+ SW9@@
+ SX0@
  SX1##@
+ SX1@
  SX1@@
  SX1@@@
  SX2###@
  SX2###@@
  SX2##@@@
  SX2#@@@
+ SX2@
  SX2@@
  SX2@@@
  SX3@
+ SX5@
+ SX5@@
  SX5@@@
  SX6@
  SX6@@@
  SX7@
  SX7@@
+ SX8@
  SX8@@@
+ SX9@
+ SY0#@@@
  SY1@
  SY1@@
  SY1@@@
  SY2###@
+ SY2###@@
+ SY2###@@@
+ SY2@
+ SY2@@@
  SY3@
  SY7@@
+ SY8@
+ SY8@@
  SY9@
  SY9@@@
+ SZ1@
+ SZ1@@
  SZ1@@@
  SZ2@@@
  SZ5@
  SZ6@
+ SZ7@@@
  SZ8@@
  SZ8@@@
+ T2@
+ T2@@
  T2@@@
+ T20@@
+ T21@@
  T22@
+ T22@@
  T23@
+ T24@@
  T25@
  T26@
+ T3#@
+ T3#@@
  T3@@
+ T30@
+ T30@@
  T30@@@
+ T31@
+ T31@@
+ T32@
+ T32@@
+ T32@@@
+ T33@
+ T33@@
+ T4#@
+ T4#@@
  T4#@@@
+ T40@
  T40@@@
  T41@@
+ T42@
  T42@@
  T44@
+ T48@
+ T48@@
+ T48@@@
+ T49@
+ T5@
  T5@@
  T5@@@
+ T6@
+ T6@@
+ T6@@@@@
  T61@@
  T66@
+ T68@
+ T7#@
  T7#@@
+ T7@
  T7@@
+ T7@@@@
+ T70@
  T70@@
  T70@@@@
  T71@@
+ T77@
+ T77@@
+ T8#@@
+ T8@@
+ T80@
  T88@
+ T88@@
+ TA0@
  TA0@@
  TA1##@@
+ TA1@
+ TA1@@
+ TA1@@@
  TA2@
+ TA2@@
+ TA2@@@
+ TA3@
+ TA3@@
+ TA4@
+ TA4@@
  TA5@
+ TA5@@
+ TA7@
+ TA7@@
  TA9@
  TB0#@@
+ TB0@@
  TB3#@
+ TC0@
+ TC0@@
  TC1##@@
  TC1##@@@
+ TC2@
+ TC3@
  TC3@@
  TC4@
  TC4@@@
  TC4@@@@
  TC5#@@@@
  TC5@@@
  TC7#@@
+ TC7@
  TC7@@
  TC8#@@
  TC8#@@@
  TE0@@
  TE1@
+ TE1@@
+ TE2@
  TE2@@
  TE4#@
  TE4#@@
  TE4#@@@
  TE5@
+ TE6@
  TE7#@@
  TE7#@@@
+ TE8@@
  TF0@@
+ TF1@@
  TF1@@@
  TF2@@
+ TF2@@@
+ TF3@
+ TF3@@
+ TF3@@@
+ TF4@
+ TF4@@
  TF4@@@
+ TF5@
  TF5@@
  TF6#@@@
+ TF6@@
  TF7@
  TF7@@
+ TF8@@
+ TG0@
+ TG0@@
  TG0@@@@
  TG7@
  TG9@
+ TG9@@
+ TG9@@@
  TI0@
+ TI0@@
+ TI1@
+ TI2@@
+ TI2@@@
+ TI3@
  TI3@@
+ TI3@@@
  TI4@
+ TI4@@
  TI4@@@
+ TI5#@@
+ TI5@
+ TI5@@
+ TI5@@@
  TI6@@@
  TI7@@@
+ TI8@
+ TI8@@
+ TI8@@@
+ TI9@
+ TI9@@
+ TI9@@@
+ TJ1@@
+ TJ2@@@
+ TJ3@
+ TJ3@@
+ TK0@
  TK1@
+ TK1@@
  TK4@
+ TK4@@
  TK5@
+ TK5@@
  TK7@
  TK8@
  TK8@@
+ TK9@
  TL0@
+ TL5@
+ TL8@@
  TL8@@@
+ TM0@
+ TM0@@
+ TM0@@@
  TM1##@@
+ TM1#@@@
  TM1#@@@@
+ TM1@
+ TM1@@
+ TM1@@@
  TM2##@
  TM2#@
  TM2#@@@
+ TM2@
+ TM2@@
+ TM2@@@
+ TM3#@@@
+ TM3#@@@@
+ TM3@
+ TM3@@
+ TM3@@@
+ TM4@
  TM4@@
+ TM4@@@
+ TM5#@@
+ TM5@
+ TM5@@
+ TM5@@@
  TM6#@@@@
+ TM6@
+ TM6@@
+ TM6@@@
+ TM7#@
+ TM7@
+ TM7@@
+ TM7@@@
  TM8#@@
+ TM8#@@@
+ TM8@
  TM8@@
+ TM8@@@
  TM9#@@@@
+ TM9@
+ TM9@@
+ TM9@@@
+ TN2@@
+ TN3@
  TN4##@
+ TN6@
  TN7@
  TN7@@
+ TN9@
+ TO0@
+ TO0@@
+ TO1@
  TO1@@
  TO1@@@
+ TO2@@
  TO2@@@
+ TO3@
+ TO3@@
+ TO4@
+ TO4@@
+ TO5@
+ TO5@@
+ TO6@
+ TO7@
+ TO7@@
  TO7@@@
+ TO8@@
+ TO9@
  TP1@@
  TP2###@@
+ TP2#@@
+ TP2@
+ TP2@@
  TP3@@
  TP4@@
  TP5#@@
  TP5@@
  TP6@@
  TP7@@
  TP9@@
+ TR0@
+ TR8@@
+ TR8@@@
  TS2###@@
+ TS3@
  TS4@@@
  TS5@
+ TS6@
+ TS7@
  TS8@
  TT1@@
  TT3#@
+ TT8@
+ TT8@@
+ TT8@@@
  TU0@@@
+ TU2@@
  TU3@
+ TU4@@
+ TU5@@
+ TX0@
+ TX0@@
  TX1@
  TX4@
+ TX4@@
+ TX5@
+ TX5@@
  TX5@@@
+ TX6@
+ TX7@@
+ TX8@
  TX8@@
+ TX8@@@
  TY0@
+ TY0@@@
+ TY1@@
+ TY2#@@
  TY2@@
  TY3@
+ TY4@@
  TY5@
+ TY5@@
  TY5@@@
  TY6#@
  TY6@@
  TY7@
+ TY8@
+ TY9@
+ TZ1@
  TZ2@
+ TZ3@
  TZ4@
+ TZ4@@
+ TZ5@
  TZ5@@
+ TZ6@
+ TZ6@@
+ TZ6@@@
+ TZ9@
  U0@@
+ U0@@@
  U1@@
  U3@@
  U4@@
  U4@@@
+ U5@@
  U6@@
  U8@@
+ UA0@
+ UA0@@
+ UA0@@@
+ UA1@
+ UA1@@
+ UA1@@@
+ UA2@
+ UA2@@
+ UA2@@@
+ UA3@
+ UA3@@
+ UA3@@@
+ UA4@
+ UA4@@
+ UA4@@@
+ UA5@
  UA5@@@
+ UA6@
+ UA6@@
+ UA6@@@
+ UA7@
  UA7@@
+ UA8@
  UA8@@
+ UA8@@@
+ UA9@
+ UA9@@
+ UA9@@@
  UB0@
  UB0@@@
  UB1@@@
+ UB3@
+ UB3@@@
  UB4#@@@
+ UB5@
+ UB6@@
+ UB6@@@
+ UB7@
  UB8@@@
+ UC0@
  UC2@
  UC3@
  UC4@
+ UC5@
  UC6@
+ UC7@
+ UC8@
  UC9@
  UD0@
+ UD1@
+ UD3@
+ UD4@
  UD6@
+ UD8@
  UE0@@
+ UE0@@@
+ UE1@@@
+ UE2#@@@
+ UE2@@
+ UE2@@@
  UE3#@@
  UE3@@
+ UE3@@@
+ UE4@@@
  UE6#@@@
+ UE6@@@
  UE7#@
  UE7#@@@
+ UE8#@
+ UE8#@@
+ UE9#@@
+ UE9@@@
  UF0@@
  UF3@@@
+ UF4@
+ UF5@
+ UF8@
+ UG3@
  UG4@
+ UI2@
  UI3@
  UI5@
+ UI6@
+ UI7@
  UI7@@@
+ UI8@
  UI8@@
+ UI9@
  UK1@@@
  UK4@@
  UK7@
+ UK7@@
+ UK8@@
+ UK8@@@
+ UK9@@
  UM1#@@
  UM8@@
  UM9@@
+ UN0@
+ UN0@@
+ UN1@
+ UN1@@
+ UN2@
  UN2@@
+ UN3@
  UN3@@
+ UN4@
+ UN4@@
+ UN5@
+ UN5@@
+ UN6@
+ UN6@@
  UN7@
+ UN7@@
+ UN7@@@
+ UN8@@
+ UN8@@@
+ UN9@
+ UN9@@
+ UN9@@@
  UO0@@@
  UO1#@
  UO1@
  UO2###@
  UO2@
  UO5#@
+ UO6@
  UO8#@@
  UO8@
+ UP0@
  UP0@@@
+ UP1@
  UP1@@
  UP2###@
+ UP2#@
  UP2#@@
  UP2#@@@
+ UP2@
  UP4#@@@
+ UP4@
  UP5#@
  UP5#@@
  UP5#@@@
+ UP5@
  UP5@@@
  UP6#@
  UP6#@@
+ UP6@
  UP9@
  UQ1#@
  UQ1#@@
  UQ1@
  UQ8@@
  UR0@
+ UR0@@
+ UR1@@
  UR1@@@
  UR2@
  UR2@@
+ UR3@@
+ UR3@@@
+ UR4@
+ UR4@@
+ UR4@@@
  UR5@
+ UR5@@
+ UR5@@@
  UR6@
+ UR6@@
+ UR6@@@
+ UR7@
+ UR7@@
+ UR7@@@
+ UR8@@
+ UR8@@@
+ UR9@@
+ UR9@@@
  US0@
+ US0@@
+ US1@
+ US1@@
+ US1@@@
+ US2@
+ US2@@
  US2@@@
+ US3@@
+ US3@@@
+ US4@@
+ US4@@@
+ US5@
+ US5@@
+ US5@@@
+ US6@@
+ US6@@@
+ US7@@
+ US7@@@
+ US8@@
+ US8@@@
+ US9@@
+ US9@@@
+ UT0@
+ UT0@@
+ UT0@@@
  UT1@
+ UT1@@
+ UT1@@@
+ UT2@
+ UT2@@
+ UT2@@@
+ UT3@
+ UT3@@
+ UT3@@@
+ UT4@
+ UT4@@
+ UT4@@@
+ UT5@
+ UT5@@
+ UT5@@@
+ UT6@@
+ UT7@
+ UT7@@
+ UT7@@@
+ UT8@
+ UT8@@
  UT8@@@
  UT9@
+ UT9@@
+ UU0@
+ UU0@@
+ UU1@@
+ UU2@
+ UU2@@
  UU2@@@
  UU3@@
+ UU4@@
+ UU4@@@
+ UU5@
+ UU5@@
+ UU5@@@
+ UU6@
+ UU6@@
+ UU7@
+ UU7@@
+ UU8@@
  UU9@
+ UU9@@
+ UU9@@@
  UV1@
  UV2@
+ UV3@@
+ UV5@
+ UV5@@
+ UV5@@@
+ UV6@@@
  UV7@
+ UV7@@
  UV8@
+ UW0@
+ UW0@@
+ UW1@
+ UW1@@
+ UW2@
+ UW2@@
+ UW3@
+ UW3@@
+ UW4@
+ UW5@
+ UW5@@
  UW6@
+ UW7@
  UW7@@
+ UW8@
+ UW8@@
+ UW9@
  UX0@
+ UX0@@
  UX1@
+ UX1@@
+ UX2@
+ UX2@@
+ UX2@@@
+ UX3@@
+ UX4@
+ UX4@@
+ UX5@@
  UX6@
+ UX6@@
  UX6@@@
+ UX7@
+ UX7@@
+ UX8@@
  UX8@@@
+ UX9@@
+ UY0@@
+ UY1@@
+ UY2@@
  UY3@@
  UY4@
+ UY5@@
  UY6@
+ UY6@@
+ UY7@
+ UY7@@
+ UY8@@
+ UY9@@
+ UZ0@
  UZ0@@
  UZ1@
  UZ1@@
+ UZ2@
+ UZ2@@
+ UZ3@
  UZ3@@
+ UZ4@
+ UZ5@
+ UZ5@@
+ UZ7@
+ UZ7@@
+ UZ8@
  UZ9@
+ V2#@
+ V2#@@
  V2@@
  V2@@@
  V21@
+ V21@@
  V21@@@
+ V25@
+ V25@@
  V25@@@
+ V26@
+ V26@@
  V26@@@
  V29@
  V29@@
  V29@@@
+ V3#@@
  V3@@@
+ V31@@
  V32@@
+ V4#@
+ V4#@@
+ V4#@@@
+ V44@@
+ V44@@@
+ V47@
+ V47@@
  V47@@@
  V48@
+ V49@
  V5#@
  V5#@@
  V5@@
  V5@@@
+ V51@
+ V51@@
  V51@@@
+ V55@
  V55@@@
  V59@@
  V6#@@
+ V6@
  V60@
+ V60@@
+ V63@
+ V63@@
+ V63@@@
+ V7#@@
  V7#@@@
  V7@
+ V73@
+ V73@@
+ V73@@@
  V8#@@
+ V8@
  V8@@
+ V8@@@
+ V85@@
+ VA1@
  VA1@@
+ VA1@@@
+ VA2@@
+ VA2@@@
+ VA3@
+ VA3@@
+ VA3@@@
  VA3@@@@
+ VA5@@
+ VA5@@@
+ VA6@@
+ VA6@@@
+ VA7@
+ VA7@@
+ VA7@@@
  VA7@@@@
+ VB2@
  VB3@
  VB4@@@
  VB5@
  VB7@
  VC1@
+ VC2@
+ VC2@@
+ VC3@
  VC3@@
  VC3@@@
  VC4@
  VC5@
+ VC6@
+ VC7@
  VC7@@
  VC9@
  VC9@@@@
  VD1@@@
  VE0@@@
+ VE1@@
+ VE1@@@
+ VE2@
+ VE2@@
+ VE2@@@
  VE2@@@@
+ VE3@
+ VE3@@
+ VE3@@@
+ VE4@@
+ VE4@@@
+ VE5@@
+ VE5@@@
+ VE6@@
+ VE6@@@
+ VE7@
+ VE7@@
+ VE7@@@
+ VE8@@
+ VE8@@@
+ VE9@
+ VE9@@
+ VE9@@@
  VF0@
  VF6@@
  VF9@@
  VG2@@
  VG3@@
  VG6@@@
  VG7@@
  VI2@@
  VI2@@@
  VI3@@
  VI3@@@
  VI4@@@
  VI5#@@@
  VI5@@
  VI5@@@
  VI6@@
  VI6@@@
  VI8@@
  VI8@@@
  VI9@@
+ VK0@@
+ VK0@@@
+ VK1@@
+ VK1@@@
+ VK2@@
+ VK2@@@
+ VK3@@
+ VK3@@@
  VK3@@@@
+ VK4@@
+ VK4@@@
+ VK4@@@@
+ VK5@@
+ VK5@@@
+ VK6@@
+ VK6@@@
+ VK7@@
+ VK7@@@
+ VK8@@
+ VK8@@@
+ VK9@
+ VK9@@
+ VK9@@@
  VO1@
+ VO1@@
+ VO1@@@
+ VO2@@
+ VO2@@@
+ VP2@
+ VP2@@
+ VP2@@@
+ VP2@@@@
+ VP5#@
+ VP5@
+ VP5@@
+ VP5@@@
  VP6@
+ VP6@@
+ VP6@@@
+ VP8@@
+ VP8@@@
+ VP9@
+ VP9@@
  VP9@@@
  VQ5#@
+ VQ5@
  VQ5@@
  VQ9#@@
+ VQ9@
+ VQ9@@
+ VR1#@@
+ VR1#@@@
+ VR2@
+ VR2@@
+ VR2@@@
+ VR6@@
+ VR9#@@
+ VS9#@@
  VU1@@@
  VU2@
+ VU2@@
+ VU2@@@
  VU3@
  VU3@@
+ VU3@@@
  VU4@
+ VU4@@
+ VU4@@@
+ VU7@@
  VU7@@@
  VX2@@
  VX2@@@
+ VX3@
  VX3@@
  VX3@@@
  VX6@@
+ VX7@@
  VX8@@
  VX9@@
  VX9@@@
+ VY0@
+ VY0@@
+ VY0@@@
  VY1@
+ VY1@@
  VY1@@@
+ VY2@@
+ VY2@@@
+ W0@
+ W0@@
+ W0@@@
+ W1@
+ W1@@
+ W1@@@
+ W2@
+ W2@@
+ W2@@@
+ W3@
+ W3@@
+ W3@@@
+ W4@
+ W4@@
+ W4@@@
+ W5@
+ W5@@
+ W5@@@
+ W6@
+ W6@@
+ W6@@@
+ W7@
+ W7@@
+ W7@@@
+ W8@
+ W8@@
+ W8@@@
+ W9@
+ W9@@
+ W9@@@
  W98@@@
+ WA0@
  WA0@@
+ WA0@@@
+ WA1@
+ WA1@@
+ WA1@@@
+ WA2@
+ WA2@@
+ WA2@@@
+ WA3@
+ WA3@@
+ WA3@@@
+ WA4@
+ WA4@@
+ WA4@@@
  WA5@
+ WA5@@
+ WA5@@@
+ WA6@
+ WA6@@
+ WA6@@@
  WA7@
+ WA7@@
+ WA7@@@
+ WA8@
+ WA8@@
+ WA8@@@
  WA9@
  WA9@@
+ WA9@@@
+ WB0@
  WB0@@
+ WB0@@@
+ WB1@
+ WB1@@
+ WB1@@@
  WB2@
+ WB2@@
+ WB2@@@
  WB3@
+ WB3@@@
+ WB4@
  WB4@@
+ WB4@@@
  WB5@
  WB5@@
+ WB5@@@
+ WB6@
  WB6@@
+ WB6@@@
+ WB7@
  WB7@@
+ WB7@@@
+ WB8@
  WB8@@
+ WB8@@@
+ WB9@
  WB9@@
+ WB9@@@
  WC0@
  WC0@@
  WC0@@@
+ WC1@
  WC1@@@
+ WC2@
  WC2@@@
+ WC3@
  WC3@@@
+ WC4@
+ WC4@@
  WC4@@@
+ WC5@
  WC5@@
  WC5@@@
+ WC6@
  WC6@@
  WC6@@@
+ WC7@
  WC7@@
  WC7@@@
  WC8@
  WC8@@@
  WC9@
  WC9@@@
+ WD0@
  WD0@@
+ WD0@@@
  WD1@
  WD2@
  WD2@@
  WD2@@@
  WD3@
  WD4@
  WD4@@
+ WD4@@@
+ WD5@
  WD5@@
+ WD5@@@
  WD6@
  WD6@@
+ WD6@@@
  WD7@
  WD8@
+ WD8@@
+ WD8@@@
+ WD9@
+ WD9@@@
  WE0@
  WE1@
+ WE1@@@
+ WE2@
+ WE2@@
  WE2@@@
+ WE3@
  WE3@@@
  WE4@
  WE4@@
  WE4@@@
  WE5@
  WE5@@
  WE5@@@
+ WE6@
  WE6@@
  WE6@@@
+ WE7@
  WE7@@
  WE8@
+ WE9@
  WF0@
+ WF1@
+ WF2@
+ WF3@
+ WF4@
  WF4@@
+ WF5@
+ WF6@
+ WF7@
  WF8@
+ WF9@
+ WG0@
  WG1@
+ WG2@
  WG3@
  WG4@
  WG4@@@
  WG5@
  WG6@
+ WG7@
  WG8@
+ WG9@
+ WH0@
+ WH0@@
+ WH0@@@
+ WH2@
+ WH2@@
  WH2@@@
+ WH6@
+ WH6@@
+ WH6@@@
+ WH7@
  WH7@@
  WH8@@@
+ WI0@
+ WI0@@
  WI1@
+ WI2@
  WI3@
  WI4@
  WI4@@
  WI4@@@
+ WI5@
+ WI6@
  WI6@@
  WI6@@@
  WI7@
+ WI8@
  WI9@
+ WI9@@
  WI9@@@
+ WJ0@
  WJ1@
+ WJ2@
  WJ2@@
  WJ3@
  WJ4@
  WJ4@@
+ WJ5@
  WJ5@@
  WJ6@
+ WJ7@
  WJ8@
  WJ8@@
+ WJ9@
+ WK0@
+ WK1@
+ WK2@
+ WK3@
+ WK4@
  WK4@@
+ WK5@
  WK5@@
+ WK6@
  WK6@@
+ WK7@
+ WK8@
+ WK9@
+ WL7@
+ WL7@@
+ WL7@@@
  WM0@
  WM1@
+ WM2@
+ WM3@
  WM3@@@
  WM4@
  WM4@@
  WM5@
+ WM5@@
  WM6@
  WM7@
+ WM8@
  WM9@
  WN0@
  WN0@@@
+ WN1@
+ WN1@@@
  WN2@
  WN2@@@
+ WN3@
+ WN3@@@
  WN4@
+ WN4@@
+ WN4@@@
  WN5@
  WN5@@@
+ WN6@
  WN6@@@
+ WN7@
  WN7@@@
+ WN8@
  WN8@@@
+ WN9@
  WN9@@@
  WO0@
  WO0@@
  WO0@@@
+ WO1@
+ WO2@
+ WO3@
+ WO4@
+ WO4@@
+ WO5@
+ WO6@
+ WO7@
  WO8@
+ WO8@@
+ WO9@
  WO9@@
+ WP2@
+ WP2@@@
+ WP3@
+ WP3@@
+ WP4@
+ WP4@@
+ WP4@@@
  WQ0@
+ WQ1@
+ WQ2@
+ WQ3@
  WQ4@
+ WQ5@
+ WQ6@
+ WQ7@
+ WQ8@
  WQ9@
  WR0@
+ WR0@@
  WR0@@@
+ WR1@
+ WR1@@
+ WR2@
  WR2@@@
+ WR3@
+ WR4@
  WR4@@
  WR4@@@
  WR5##@@
+ WR5@
  WR5@@
+ WR6@
  WR6@@
  WR6@@@
+ WR7@
  WR7@@
  WR7@@@
  WR8@
  WR8@@@
+ WR9@
  WS0@
+ WS1@
  WS2@
  WS3@
  WS4@
  WS4@@
  WS5@
  WS6@
  WS6@@
+ WS7@
+ WS8@
  WS8@@
+ WS9@
  WT0@
  WT1@
+ WT2@
+ WT3@
+ WT4@
  WT4@@
  WT5@
+ WT6@
  WT7@
+ WT8@
+ WT9@
  WU0@
  WU1@
+ WU1@@@
  WU2@
+ WU3@
  WU4@
  WU4@@
  WU5@
+ WU6@
  WU7@
  WU8@
  WU9@
+ WV0@
+ WV1@
+ WV2@
  WV2@@
  WV2@@@
  WV3@
+ WV4@
  WV4@@
  WV5@
+ WV6@
  WV6@@@
+ WV7@
  WV8@
  WV8@@
  WV8@@@
  WV9@
  WW0@
+ WW0@@
+ WW1@
+ WW1@@
  WW1@@@
+ WW2@
+ WW2@@
+ WW2@@@
+ WW3@
  WW3@@
+ WW4@
+ WW4@@
  WW4@@@
+ WW5@
+ WW5@@
  WW5@@@
+ WW6@
  WW6@@
  WW6@@@
  WW7@
  WW7@@
  WW7@@@
  WW8@
+ WW8@@
+ WW9@
+ WW9@@
  WW9@@@
+ WX0@
  WX0@@@
+ WX1@
  WX1@@@
+ WX2@
  WX2@@
  WX2@@@
+ WX3@
  WX3@@@
+ WX4@
+ WX4@@
+ WX4@@@
+ WX5@
  WX5@@
  WX5@@@
+ WX6@
  WX6@@@
+ WX7@
  WX7@@
  WX7@@@
+ WX8@
  WX8@@@
+ WX9@
  WX9@@
  WX9@@@
  WY0@
+ WY1@
  WY2@
+ WY2@@@
+ WY3@
  WY4@
+ WY5@
+ WY6@
  WY6@@
  WY7@
  WY7@@
  WY7@@@
  WY8@
  WY9@
  WZ0@
+ WZ1@
  WZ2@
  WZ3@
  WZ3@@
+ WZ4@
  WZ4@@@
  WZ5@
  WZ6@
  WZ7@
  WZ7@@
+ WZ8@
  WZ9@
+ XA5@
+ XE1@
+ XE1@@
+ XE1@@@
+ XE2@
+ XE2@@
+ XE2@@@
  XE3@
+ XE3@@
+ XE3@@@
  XE4@@
  XE7@
+ XE8#@@@@
+ XF1@
  XF1@@
+ XF2@
  XF2@@
+ XF2@@@
  XF3@
+ XF3@@
  XF3@@@
  XF4@
+ XF4@@
+ XF4@@@
+ XJ1@@
+ XK0@@
  XL2@
  XL2@@
+ XL3@
  XL3@@
  XL7@@
  XM1@@
  XM2@@
  XM2@@@
+ XM3@
  XM3@@
  XM3@@@
  XM6@@
  XM7@
  XM7@@
  XO0@@
  XO1@@@
  XO7@
+ XP1@@
  XP3@
  XQ0@
+ XQ0@@@
+ XQ1@@
+ XQ1@@@
+ XQ3@@
+ XQ3@@@
+ XQ4@@
+ XQ5@@
  XQ5@@@
+ XQ6@@
  XQ7@@
  XQ8@@@
+ XR0@
+ XR0@@
  XR1@
+ XR2@
+ XR3@
  XR3@@@@
  XR4##@@
  XR4#@@
  XR4@
  XR5@@
+ XR6@
+ XR7@
  XR8#@@@@
  XR8@
+ XR9@
+ XT2@
+ XT2@@
+ XT2@@@
+ XU1@
  XU1@@
+ XU2@
  XU2@@
  XU6@@
  XU7@@
+ XU7@@@
+ XV1@
  XV1@@
+ XV2@
+ XV2@@
  XV3##@
+ XV3@
+ XV3@@
+ XV3@@@
  XV5@@
  XV6@@
+ XV7@@
+ XV9@@
+ XV9@@@
+ XW0@
  XW0@@
+ XW1@
+ XW1@@
+ XW1@@@
+ XW2@
  XW3#@
+ XW3@@
+ XW3@@@
  XW4@@
  XW6@@
+ XW8@@@
  XX0@@
  XX0@@@
  XX1@@
+ XX9@
+ XX9@@
+ XX9@@@
+ XY0@@
  XY1@
  XY2@
  XY2@@
+ XY3@
+ XY4@@
+ XY5@
  XY7@
+ XZ0@
+ XZ1@
  XZ1@@
+ XZ7@
  Y2@
+ YA0@
  YA0@@
  YA0@@@
+ YA1@
+ YA1@@
  YA1@@@
  YA3@
  YA3@@@
  YA4@
+ YA5@
  YA5@@
  YA6@@
+ YA7@
+ YA8@
+ YB0@
+ YB0@@
+ YB0@@@
  YB1#@@@
+ YB1@
+ YB1@@
+ YB1@@@
+ YB2@@
+ YB2@@@
+ YB3#@@
  YB3@@
+ YB3@@@
+ YB4@@
+ YB4@@@
+ YB5@@
+ YB5@@@
  YB6@@
  YB6@@@
+ YB7#@@
  YB7@
+ YB7@@
  YB7@@@
+ YB8@@
+ YB8@@@
+ YB9@
+ YB9@@
+ YB9@@@
+ YC0@@
+ YC0@@@
+ YC1@@
+ YC1@@@
  YC2@@
+ YC2@@@
+ YC3@@
+ YC3@@@
+ YC4@@
+ YC4@@@
  YC5@@
+ YC5@@@
+ YC6@@@
  YC7@@
+ YC7@@@
+ YC8@@
+ YC8@@@
+ YC9@@
+ YC9@@@
  YD0@@@
  YD1@@
+ YD1@@@
  YD2@@@
  YD3@@@
  YD9@@@
  YE0@
  YE0@@
  YE0@@@
+ YE1@
+ YE1@@
+ YE1@@@
+ YE2@
  YE2@@@
  YE3#@@
  YE3@
  YE5#@@
+ YE5@
  YE5@@
+ YE6@
+ YE7@
+ YE8@
+ YE8@@
  YE9@
  YE9@@@@
  YF0@@@
+ YF1@@
  YF1@@@
  YF7@@
  YF7@@@
  YI0@@
  YI0@@@
+ YI1@@
+ YI1@@@
  YI2@@
  YI3@@
  YI3@@@
  YI7@@@
  YI8@@
  YI9#@@@
+ YI9@
+ YI9@@
+ YI9@@@
  YJ0@
+ YJ0@@
+ YJ0@@@
+ YJ2@@
+ YJ8@@
  YK0@@
+ YK1@@
+ YK9@
+ YK9@@
+ YL0@
+ YL1@
+ YL1@@
+ YL2###@
  YL2###@@
+ YL2@@
+ YL2@@@
+ YL3@@
+ YL3@@@
+ YL4@
+ YL4@@
+ YL5@
+ YL6@
  YL7##@
  YL7##@@@@@
+ YL7@
+ YL8##@@
+ YL8#@@
+ YL8@
+ YL9@
  YM0#@@
+ YM0@
+ YM0@@
  YM1###@@
  YM1##@@
+ YM1##@@@
  YM2@
+ YM2@@
  YM3@
+ YM3@@
  YM3@@@
  YM7#@@
  YM7@@
+ YN1@@
+ YN1@@@
+ YN2@
+ YN2@@
  YN2@@@
+ YN4@@
  YN4@@@
+ YN5@@
  YN5@@@
+ YN6@@
  YN6@@@
  YN7@@
  YN8@@@
+ YN9@
+ YN9@@
+ YN9@@@
  YO1@@@
  YO2###@@@@@
  YO2###@@@@@@
+ YO2#@@@@
+ YO2@@
+ YO2@@@
+ YO3@@
+ YO3@@@
+ YO4@@
+ YO4@@@
+ YO5@@
+ YO5@@@
+ YO6@@
+ YO6@@@
+ YO7@@
+ YO7@@@
  YO8#@@
+ YO8@@
+ YO8@@@
  YO9#@@
+ YO9@@
+ YO9@@@
  YP0@
  YP0@@
  YP1#@@
+ YP1@
+ YP1@@@
+ YP2@@@
+ YP3@
  YP4@
+ YP5@
+ YP7##@@
+ YP8@
+ YP9@
  YQ0@@
  YQ0@@@
  YQ4@
+ YQ6@
+ YQ8@@@
  YQ9@
  YR0@
+ YR0@@
  YR0@@@
  YR1##@
  YR1##@@
  YR1##@@@
+ YR1@
  YR2@
+ YR2@@@
  YR3#@
  YR4@
  YR5#@
  YR5#@@
  YR5#@@@
+ YR5@
+ YR7@
+ YR8@
  YR9#@
  YR9#@@@
+ YR9@
+ YS1@
+ YS1@@
+ YS1@@@
+ YS2@@@
  YS3@@
  YT0#@@@
+ YT0@
+ YT0@@
  YT0@@@
+ YT0@@@@0
+ YT1##@
+ YT1##@@
  YT1##@@@
+ YT1##@@@@@
  YT1#@@@@
+ YT1@
+ YT1@@
  YT1@@@
  YT2##@
+ YT2@
+ YT2@@
+ YT2@@@
  YT3##@@@
  YT3#@@@
+ YT3@
  YT3@@
+ YT4@
  YT4@@
+ YT5@
+ YT5@@
  YT6##@
+ YT6#@
  YT6#@@@@
+ YT6@
  YT6@@
+ YT7@
+ YT7@@
  YT8##@
+ YT8##@@
+ YT8#@@
+ YT8@
+ YT8@@
+ YT9@
  YU0#@@@
+ YU0@
+ YU0@@
  YU0@@@
+ YU0@@@@@
  YU1##@
+ YU1##@@
  YU1##@@@
  YU1##@@@@@
  YU1#@@@@
+ YU1@
+ YU1@@
+ YU1@@@
  YU2###@
+ YU2@
+ YU2@@
  YU2@@@
+ YU3#@@
  YU3@
  YU3@@
+ YU3@@@
+ YU4@@
+ YU4@@@
  YU5#@@
+ YU5@
+ YU5@@
  YU5@@@
+ YU6#@@@
+ YU6@@
  YU6@@@
+ YU7@
+ YU7@@
+ YU7@@@
+ YU7@@@@@
  YU8#@
+ YU8@
+ YU8@@
  YU8@@@
+ YU9@@
+ YU9@@@
+ YV0@
  YV0@@
  YV0@@@
+ YV1@@
+ YV1@@@
+ YV2@@
+ YV2@@@
  YV3@@
  YV3@@@
+ YV4@
+ YV4@@
+ YV4@@@
+ YV5@
+ YV5@@
+ YV5@@@
  YV6@@
+ YV6@@@
  YV7#@@@@
+ YV7@@
  YV7@@@
+ YV8@@
+ YW0@@
+ YW1@
  YW1@@
  YW3@@
+ YW4@
  YW4@@
+ YW5@
+ YW5@@
  YW6@
  YW6@@
+ YW7@
+ YW8@
+ YW9@@
+ YX0@
+ YX0@@@
+ YX5@@@@
+ YY1@@@
+ YY2@@@
+ YY4@@
+ YY4@@@
+ YY5@@
+ YY5@@@
  YY6@@@
  YY7@@@
+ Z21@@
+ Z21@@@
+ Z22@@
+ Z24@
  Z28@
  Z28@@
+ Z29@@
+ Z3##@@@
+ Z3#@
+ Z3#@@
+ Z3#@@@
+ Z3@
  Z3@@
+ Z30@
+ Z30@@
+ Z31##@
  Z31##@@
  Z31@
+ Z31@@
  Z32@
+ Z32@@
+ Z33@
  Z33@@
+ Z34@
+ Z35@
  Z35@@
+ Z36#@
+ Z36@
+ Z37@
+ Z37@@@
+ Z38@
  Z38@@
+ Z39@
  Z8#@
  ZA0@
+ ZA0@@
+ ZA1@
+ ZA1@@
  ZA1@@@
+ ZA5@
  ZA5@@
+ ZB2@
+ ZB2@@
  ZB2@@@
  ZB3##@@
+ ZB3@
  ZC4#@@
  ZC4@
+ ZC4@@
+ ZC4@@@
+ ZD7@
+ ZD7@@
+ ZD7@@@
  ZD8#@
+ ZD8@
+ ZD8@@
+ ZD8@@@
+ ZD9@@
  ZD9@@@
+ ZF1@
+ ZF1@@
  ZF2@
+ ZF2@@
+ ZF9@@
+ ZG2@@
+ ZK1@@
+ ZK1@@@
+ ZK2@@
+ ZK2@@@
+ ZK3@@
+ ZL1@
+ ZL1@@
+ ZL1@@@
+ ZL2@@
+ ZL2@@@
+ ZL3@
+ ZL3@@
+ ZL3@@@
+ ZL4#@@@
  ZL4@
+ ZL4@@
  ZL4@@@
  ZL5@@
+ ZL6@
+ ZL6@@
  ZL6@@@
+ ZL7@
+ ZL7@@
+ ZL8@
+ ZL8@@
  ZL9@
+ ZL9@@
  ZL9@@@
+ ZM1@
  ZM1@@@
+ ZM2@
+ ZM2@@
  ZM2@@@
+ ZM3@
  ZM3@@
+ ZM4@
  ZM4@@
  ZM6@@
  ZM7#@@
+ ZM7@@
+ ZM8@@
+ ZM9#@@
+ ZP0@
  ZP1@
  ZP1@@
  ZP1@@@
  ZP2#@
  ZP2#@@
+ ZP2@@@
+ ZP3@@@
  ZP4#@
+ ZP4@@@
  ZP5#@
  ZP5@
+ ZP5@@
+ ZP5@@@
  ZP6#@@
+ ZP6@
+ ZP6@@
+ ZP6@@@
  ZP7@@
+ ZP7@@@
+ ZP8@@
+ ZP8@@@
  ZP9#@
  ZP9@
+ ZP9@@
+ ZP9@@@
+ ZR1@@
+ ZR1@@@
  ZR6@@
+ ZR6@@@
+ ZR9@
  ZS0#@@@
  ZS0@
  ZS1#@@@
+ ZS1@
+ ZS1@@
+ ZS1@@@
  ZS2#@
+ ZS2@
+ ZS2@@
+ ZS2@@@
  ZS3#@@
+ ZS3@
  ZS3@@
  ZS3@@@
+ ZS4@
+ ZS4@@
+ ZS4@@@
+ ZS5@
+ ZS5@@
+ ZS5@@@
+ ZS6@
+ ZS6@@
+ ZS6@@@
  ZS7#@@@
  ZS8#@@@
  ZS8@
+ ZS8@@
  ZS9#@@
  ZS9#@@@
+ ZS9@
  ZT6@
  ZU1@
  ZV0@
+ ZV0@@
  ZV1##@@
  ZV1@@
+ ZV2@
  ZV3@
  ZV4@
+ ZV5@
+ ZV5@@@
  ZV7@
  ZV7@@
  ZV8@
+ ZW0@
  ZW0@@
+ ZW1##@
  ZW1##@@
  ZW1@
+ ZW1@@
+ ZW2@
+ ZW2@@
  ZW2@@@
  ZW3@
  ZW4@
+ ZW5@
  ZW5@@
  ZW7@
  ZW7@@
+ ZW7@@@
+ ZW8@
  ZW8@@
  ZW9#@
+ ZX0@
  ZX0@@
  ZX0@@@
  ZX1@
+ ZX2@
+ ZX3@
  ZX4@
  ZX4@@
+ ZX5@
  ZX5@@@
+ ZX7@
+ ZX7@@
  ZX7@@@
  ZX8@
  ZX9@
+ ZY0@
+ ZY0@@
  ZY0@@@
  ZY1##@
  ZY1@
  ZY1@@
+ ZY2@
+ ZY2@@
  ZY3@
  ZY4@
  ZY5###@@@@@
  ZY5##@
+ ZY5@
  ZY5@@
+ ZY6@
  ZY6@@
+ ZY7@
  ZY7@@
+ ZY7@@@
  ZY8@
  ZZ1@@
  ZZ2@
  ZZ2@@@
  ZZ4@
+ ZZ7@
  ZZ7@@
+ ZZ8#@@
  ZZ8@
